HI-TECH Software C Compiler 

Linker command line:

--edf=C:\Program Files (x86)\HI-TECH Software\PICC\9.82\dat\en_msgs.txt -cs \
  -h+EEPROM_12C.sym -z -Q16F887 -ol.obj -MEEPROM_12C.map -E1 \
  -ACONST=00h-0FFhx32 -ACODE=00h-07FFhx4 -ASTRCODE=00h-01FFFh \
  -AENTRY=00h-0FFhx32 -ASTRING=00h-0FFhx32 -ABANK0=020h-06Fh \
  -ABANK1=0A0h-0EFh -ABANK2=0110h-016Fh -ABANK3=0190h-01EFh \
  -ARAM=020h-06Fh,0A0h-0EFh,0110h-016Fh,0190h-01EFh \
  -AABS1=020h-07Fh,0A0h-0EFh,0110h-016Fh,0190h-01EFh -ACOMMON=070h-07Fh \
  -ASFR0=00h-01Fh -ASFR1=080h-09Fh -ASFR2=0100h-010Fh -ASFR3=0180h-018Fh \
  -preset_vec=00h,intentry,init,end_init -ppowerup=CODE -pfunctab=CODE \
  -ACONFIG=02007h-02008h -pconfig=CONFIG -DCONFIG=2 -AIDLOC=02000h-02003h \
  -pidloc=IDLOC -DIDLOC=2 -AEEDATA=00h-0FFh/02100h -peeprom_data=EEDATA \
  -DEEDATA=2 -DCODE=2 -DSTRCODE=2 -DSTRING=2 -DCONST=2 -DENTRY=2 -k \
  startup.obj EEPROM_12C.obj 

Object code version is 3.10

Machine type is 16F887



                Name                               Link     Load   Length Selector   Space Scale
startup.obj     end_init                              0        0        3        0       0
EEPROM_12C.obj  config                             2007     2007        2     400E       0
                text755                              45       45        D       8A       0
                text748                              3D       3D        8       7A       0
                text746                            1546     1546       78     2A8C       0
                text745                            167C     167C       C2     2CF8       0
                text730                            173E     173E       C2     2E7C       0
                text728                             C9F      C9F      361     193E       0
                text724                             84E      84E      152     109C       0
                text719                            15BE     15BE       BE     2B7C       0
                text718                              61       61      79F       C2       0
                maintext                            9A0      9A0      2FF     1340       0
                cstackBANK0                          20       20       3C       20       1
                cstackCOMMON                         70       70        E       70       1
                cstackBANK1                          A0       A0       30       A0       1
                bssBANK1                             D0       D0        A       A0       1
                cinit                                52       52        F       A4       0
                strings                            1000     1000       C9     2000       0

TOTAL           Name                               Link     Load   Length     Space
        CLASS   CONST          

        CLASS   CODE           
                end_init                              0        0        3         0
                text755                              45       45        D         0
                text748                              3D       3D        8         0
                text746                            1546     1546       78         0
                text745                            167C     167C       C2         0
                text730                            173E     173E       C2         0
                text728                             C9F      C9F      361         0
                text724                             84E      84E      152         0
                text719                            15BE     15BE       BE         0
                text718                              61       61      79F         0
                maintext                            9A0      9A0      2FF         0
                cinit                                52       52        F         0

        CLASS   STRCODE        

        CLASS   ENTRY          

        CLASS   STRING         
                strings                            1000     1000       C9         0

        CLASS   BANK0          
                cstackBANK0                          20       20       3C         1

        CLASS   BANK1          
                cstackBANK1                          A0       A0       30         1
                bssBANK1                             D0       D0        A         1

        CLASS   BANK2          

        CLASS   BANK3          

        CLASS   RAM            

        CLASS   ABS1           
                abs_s1                               7E       7E        2         1

        CLASS   COMMON         
                cstackCOMMON                         70       70        E         1

        CLASS   SFR0           

        CLASS   SFR1           

        CLASS   SFR2           

        CLASS   SFR3           

        CLASS   CONFIG         
                config                             2007     2007        2         0

        CLASS   IDLOC          

        CLASS   EEDATA         



SEGMENTS        Name                           Load    Length   Top    Selector   Space  Class     Delta

                reset_vec                      000000  000003  000003         0       0  CODE        2
                cstackBANK0                    000020  00003C  00005C        20       1  BANK0       1
                cstackCOMMON                   000070  00000E  00007E        70       1  COMMON      1
                text748                        00003D  000008  000045        7A       0  CODE        2
                text755                        000045  00000D  000052        8A       0  CODE        2
                cstackBANK1                    0000A0  00003A  0000DA        A0       1  BANK1       1
                cinit                          000052  00000F  000061        A4       0  CODE        2
                text718                        000061  00079F  000800        C2       0  CODE        2
                text724                        00084E  000152  0009A0      109C       0  CODE        2
                maintext                       0009A0  0002FF  000C9F      1340       0  CODE        2
                text728                        000C9F  000361  001000      193E       0  CODE        2
                strings                        001000  0000C9  0010C9      2000       0  STRING      2
                text746                        001546  000078  0015BE      2A8C       0  CODE        2
                text719                        0015BE  0000BE  00167C      2B7C       0  CODE        2
                text745                        00167C  0000C2  00173E      2CF8       0  CODE        2
                text730                        00173E  0000C2  001800      2E7C       0  CODE        2
                config                         002007  000002  002009      400E       0  CONFIG      2


UNUSED ADDRESS RANGES

        Name                Unused          Largest block    Delta
        BANK0            005C-006F             14           1
        BANK1            00DA-00EF             16           1
        BANK2            0110-016F             60           1
        BANK3            0190-01EF             60           1
        CODE             0003-003C             3A           2
                         0800-084D             4E
                         10C9-1545            47D
                         1800-1FFF            800
        CONST            0003-003C             3A           2
                         0800-084D             4E
                         10C9-1545            100
                         1800-1FFF            100
        EEDATA           2100-21FF            100           2
        ENTRY            0003-003C             3A           2
                         0800-084D             4E
                         10C9-1545            100
                         1800-1FFF            100
        IDLOC            2000-2003              4           2
        RAM              005C-006F             14           1
                         00DA-00EF             16
                         0110-016F             60
                         0190-01EF             60
        SFR0             0000-001F             20           1
        SFR1             0080-009F             20           1
        SFR2             0100-010F             10           1
        SFR3             0180-018F             10           1
        STRCODE          0003-003C             3A           2
                         0800-084D             4E
                         10C9-1545            47D
                         1800-1FFF            800
        STRING           0003-003C             3A           2
                         0800-084D             4E
                         10C9-1545            100
                         1800-1FFF            100

                                  Symbol Table

??_I2C_EEIN            cstackCOMMON 0072
??_I2C_EEOUT           cstackCOMMON 0076
??_I2C_nack            cstackCOMMON 0070
??___awdiv             cstackCOMMON 007A
??___awmod             cstackCOMMON 0074
??___awtoft            cstackCOMMON 007B
??___bmul              cstackCOMMON 007A
??___ftadd             cstackBANK0  0042
??___ftge              cstackCOMMON 0076
??___ftmul             cstackBANK0  0033
??___ftneg             cstackCOMMON 0073
??___ftpack            cstackCOMMON 0075
??___ftsub             cstackCOMMON 007E
??___fttol             cstackBANK0  0024
??___lbdiv             cstackCOMMON 0076
??___lbmod             cstackCOMMON 0071
??___lldiv             cstackCOMMON 0078
??___llmod             cstackCOMMON 007D
??___lltoft            cstackCOMMON 007C
??___wmul              cstackCOMMON 0074
??__div_to_l_          cstackCOMMON 0076
??__tdiv_to_l_         cstackCOMMON 0076
??_fround              cstackCOMMON 007E
??_i2c_init            cstackCOMMON 0070
??_i2c_read            cstackCOMMON 0070
??_i2c_restart         cstackCOMMON 0070
??_i2c_start           cstackCOMMON 0070
??_i2c_stop            cstackCOMMON 0070
??_i2c_write           cstackCOMMON 0070
??_isdigit             cstackCOMMON 0070
??_lcd_clear           cstackCOMMON 0075
??_lcd_goto            cstackCOMMON 0075
??_lcd_puts            cstackCOMMON 0077
??_lcd_write           cstackCOMMON 0074
??_main                cstackBANK0  005B
??_msecbase            cstackCOMMON 0070
??_pause               cstackCOMMON 0072
??_putch               cstackCOMMON 0070
??_scale               cstackBANK0  003F
??_sprintf             cstackBANK0  0056
?_I2C_EEIN             cstackCOMMON 0071
?_I2C_EEOUT            cstackCOMMON 0074
?_I2C_nack             cstackCOMMON 0070
?___awdiv              cstackCOMMON 0076
?___awmod              cstackCOMMON 0070
?___awtoft             cstackCOMMON 0078
?___bmul               cstackCOMMON 0079
?___ftadd              cstackBANK0  003C
?___ftge               cstackCOMMON 0070
?___ftmul              cstackBANK0  002D
?___ftneg              cstackCOMMON 0070
?___ftpack             cstackCOMMON 0070
?___ftsub              cstackBANK0  0048
?___fttol              cstackBANK0  0020
?___lbdiv              cstackCOMMON 0075
?___lbmod              cstackCOMMON 0070
?___lldiv              cstackCOMMON 0070
?___llmod              cstackBANK0  0020
?___lltoft             cstackCOMMON 0078
?___wmul               cstackCOMMON 0070
?__div_to_l_           cstackCOMMON 0070
?__tdiv_to_l_          cstackCOMMON 0070
?_fround               cstackBANK0  0048
?_i2c_init             cstackCOMMON 0070
?_i2c_read             cstackCOMMON 0070
?_i2c_restart          cstackCOMMON 0070
?_i2c_start            cstackCOMMON 0070
?_i2c_stop             cstackCOMMON 0070
?_i2c_write            cstackCOMMON 0070
?_isdigit              cstackCOMMON 0070
?_lcd_clear            cstackCOMMON 0070
?_lcd_goto             cstackCOMMON 0070
?_lcd_puts             cstackCOMMON 0075
?_lcd_write            cstackCOMMON 0070
?_main                 cstackCOMMON 0070
?_msecbase             cstackCOMMON 0070
?_pause                cstackCOMMON 0070
?_putch                cstackCOMMON 0070
?_scale                cstackBANK0  003C
?_sprintf              cstackBANK0  0052
I2C_EEIN@address1      cstackCOMMON 0072
I2C_EEIN@address2      cstackCOMMON 0071
I2C_EEIN@data          cstackCOMMON 0073
I2C_EEOUT@address1     cstackCOMMON 0076
I2C_EEOUT@address2     cstackCOMMON 0074
I2C_EEOUT@data         cstackCOMMON 0075
_ADCON0                (abs)        001F
_ADRESH                (abs)        001E
_ADRESL                (abs)        009E
_ANSEL                 (abs)        0188
_ANSELH                (abs)        0189
_BAUDCTL               (abs)        0187
_CCP1CON               (abs)        0017
_CCP2CON               (abs)        001D
_CCPR1L                (abs)        0015
_CCPR2L                (abs)        001B
_GO_DONE               (abs)        00F9
_I2C_EEIN              text719      15E0
_I2C_EEOUT             text719      15C5
_I2C_nack              text719      161F
_OPTION_REG            (abs)        0081
_OSCCON                (abs)        008F
_PIR1                  (abs)        000C
_PIR1bits              (abs)        000C
_PORTA                 (abs)        0005
_PORTB                 (abs)        0006
_PORTD                 (abs)        0008
_PR2                   (abs)        0092
_RA4                   (abs)        002C
_RA6                   (abs)        002E
_RA7                   (abs)        002F
_RCSTA                 (abs)        0018
_SPBRG                 (abs)        0099
_SSPADD                (abs)        0093
_SSPBUF                (abs)        0013
_SSPCON                (abs)        0014
_SSPCON2               (abs)        0091
_SSPCON2bits           (abs)        0091
_SSPSTAT               (abs)        0094
_T0IF                  (abs)        005A
_T2CON                 (abs)        0012
_TMR0                  (abs)        0001
_TRISA                 (abs)        0085
_TRISB                 (abs)        0086
_TRISC                 (abs)        0087
_TRISC1                (abs)        0439
_TRISC2                (abs)        043A
_TRISC6                (abs)        043E
_TRISC7                (abs)        043F
_TRISCbits             (abs)        0087
_TRISD                 (abs)        0088
_TRISE                 (abs)        0089
_TXIF                  (abs)        0064
_TXREG                 (abs)        0019
_TXSTA                 (abs)        0098
__Habs1                abs1         0000
__Hbank0               bank0        0000
__Hbank1               bank1        0000
__Hbank2               bank2        0000
__Hbank3               bank3        0000
__HbssBANK1            bssBANK1     0000
__Hcinit               cinit        0000
__Hclrtext             clrtext      0000
__Hcode                code         0000
__Hcommon              common       0000
__Hconfig              config       2009
__HcstackBANK0         cstackBANK0  0000
__HcstackBANK1         cstackBANK1  0000
__HcstackCOMMON        cstackCOMMON 0000
__Heeprom_data         eeprom_data  0000
__Hend_init            end_init     0003
__Hfunctab             functab      0000
__Hidloc               idloc        0000
__Hinit                init         0000
__Hintentry            intentry     0000
__Hmaintext            maintext     0000
__Hpa_nodes            pa_nodes     0000
__Hpowerup             powerup      0000
__Hram                 ram          0000
__Hreset_vec           reset_vec    0000
__Hsfr0                sfr0         0000
__Hsfr1                sfr1         0000
__Hsfr2                sfr2         0000
__Hsfr3                sfr3         0000
__Hstrings             strings      0000
__Htext                text         0000
__Labs1                abs1         0000
__Lbank0               bank0        0000
__Lbank1               bank1        0000
__Lbank2               bank2        0000
__Lbank3               bank3        0000
__LbssBANK1            bssBANK1     0000
__Lcinit               cinit        0000
__Lclrtext             clrtext      0000
__Lcode                code         0000
__Lcommon              common       0000
__Lconfig              config       2007
__LcstackBANK0         cstackBANK0  0000
__LcstackBANK1         cstackBANK1  0000
__LcstackCOMMON        cstackCOMMON 0000
__Leeprom_data         eeprom_data  0000
__Lend_init            end_init     0000
__Lfunctab             functab      0000
__Lidloc               idloc        0000
__Linit                init         0000
__Lintentry            intentry     0000
__Lmaintext            maintext     0000
__Lpa_nodes            pa_nodes     0000
__Lpowerup             powerup      0000
__Lram                 ram          0000
__Lreset_vec           reset_vec    0000
__Lsfr0                sfr0         0000
__Lsfr1                sfr1         0000
__Lsfr2                sfr2         0000
__Lsfr3                sfr3         0000
__Lstrings             strings      0000
__Ltext                text         0000
__S0                   (abs)        2009
__S1                   (abs)        00DA
__S2                   (abs)        0000
___awdiv               text728      0E6A
___awdiv@counter       cstackCOMMON 007A
___awdiv@dividend      cstackCOMMON 0078
___awdiv@divisor       cstackCOMMON 0076
___awdiv@quotient      cstackCOMMON 007C
___awdiv@sign          cstackCOMMON 007B
___awmod               text728      0EAF
___awmod@counter       cstackCOMMON 0074
___awmod@dividend      cstackCOMMON 0072
___awmod@divisor       cstackCOMMON 0070
___awmod@sign          cstackCOMMON 0075
___awtoft              text728      0C9F
___awtoft@c            cstackCOMMON 0078
___awtoft@sign         cstackCOMMON 007B
___bmul                text728      0F5B
___bmul@multiplicand   cstackCOMMON 0079
___bmul@multiplier     cstackCOMMON 007B
___bmul@product        cstackCOMMON 007A
___ftadd               text730      173E
___ftadd@exp1          cstackBANK0  0047
___ftadd@exp2          cstackBANK0  0046
___ftadd@f1            cstackBANK0  003C
___ftadd@f2            cstackBANK0  003F
___ftadd@sign          cstackBANK0  0045
___ftge                text718      063F
___ftge@ff1            cstackCOMMON 0070
___ftge@ff2            cstackCOMMON 0073
___ftmul               text728      0EEC
___ftmul@cntr          cstackBANK0  003A
___ftmul@exp           cstackBANK0  0036
___ftmul@f1            cstackBANK0  002D
___ftmul@f2            cstackBANK0  0030
___ftmul@f3_as_product cstackBANK0  0037
___ftmul@sign          cstackBANK0  003B
___ftneg               text718      0735
___ftneg@f1            cstackCOMMON 0070
___ftpack              text728      0F69
___ftpack@arg          cstackCOMMON 0070
___ftpack@exp          cstackCOMMON 0073
___ftpack@sign         cstackCOMMON 0074
___ftsub               text718      073D
___ftsub@f1            cstackBANK0  004B
___ftsub@f2            cstackBANK0  0048
___fttol               text718      0692
___fttol@exp1          cstackBANK0  002C
___fttol@f1            cstackBANK0  0020
___fttol@lval          cstackBANK0  0028
___fttol@sign1         cstackBANK0  0027
___lbdiv               text724      0953
___lbdiv@counter       cstackCOMMON 0077
___lbdiv@dividend      cstackCOMMON 0076
___lbdiv@divisor       cstackCOMMON 0075
___lbdiv@quotient      cstackCOMMON 0078
___lbmod               text724      096E
___lbmod@counter       cstackCOMMON 0073
___lbmod@dividend      cstackCOMMON 0072
___lbmod@divisor       cstackCOMMON 0070
___lbmod@rem           cstackCOMMON 0074
___lldiv               text718      06ED
___lldiv@counter       cstackCOMMON 007C
___lldiv@dividend      cstackCOMMON 0074
___lldiv@divisor       cstackCOMMON 0070
___lldiv@quotient      cstackCOMMON 0078
___llmod               text718      0601
___llmod@counter       cstackCOMMON 007D
___llmod@dividend      cstackBANK0  0024
___llmod@divisor       cstackBANK0  0020
___lltoft              text728      0CBA
___lltoft@c            cstackCOMMON 0078
___lltoft@exp          cstackCOMMON 007C
___wmul                text718      0679
___wmul@multiplicand   cstackCOMMON 0072
___wmul@multiplier     cstackCOMMON 0070
___wmul@product        cstackCOMMON 0074
__div_to_l_            text745      167C
__div_to_l_@cntr       cstackBANK0  0024
__div_to_l_@exp1       cstackBANK0  0025
__div_to_l_@f1         cstackCOMMON 0070
__div_to_l_@f2         cstackCOMMON 0073
__div_to_l_@quot       cstackBANK0  0020
__end_of_I2C_EEIN      text719      1601
__end_of_I2C_EEOUT     text719      15E0
__end_of_I2C_nack      text719      1627
__end_of___awdiv       text728      0EAF
__end_of___awmod       text728      0EEC
__end_of___awtoft      text728      0CBA
__end_of___bmul        text728      0F69
__end_of___ftadd       text730      1800
__end_of___ftge        text718      066B
__end_of___ftmul       text728      0F5B
__end_of___ftneg       text718      073D
__end_of___ftpack      text728      0FA7
__end_of___ftsub       text718      0755
__end_of___fttol       text718      06ED
__end_of___lbdiv       text724      096E
__end_of___lbmod       text724      098A
__end_of___lldiv       text718      0735
__end_of___llmod       text718      063F
__end_of___lltoft      text728      0CD8
__end_of___wmul        text718      0692
__end_of__div_to_l_    text745      1731
__end_of__tdiv_to_l_   text746      15BE
__end_of_fround        text724      0953
__end_of_i2c_init      text755      0052
__end_of_i2c_read      text719      161F
__end_of_i2c_restart   text719      1617
__end_of_i2c_start     text719      160D
__end_of_i2c_stop      text719      1612
__end_of_i2c_write     text719      1609
__end_of_isdigit       text718      0679
__end_of_lcd_clear     text719      1631
__end_of_lcd_goto      text719      15C5
__end_of_lcd_puts      text719      164E
__end_of_lcd_write     text719      1660
__end_of_main          maintext     0C9F
__end_of_msecbase      text719      167C
__end_of_pause         text719      1671
__end_of_putch         text748      0045
__end_of_scale         text728      0E6A
__end_of_sprintf       text718      0601
__npowers_             strings      1010
__pbssBANK1            bssBANK1     00D0
__pcstackBANK0         cstackBANK0  0020
__pcstackBANK1         cstackBANK1  00A0
__pcstackCOMMON        cstackCOMMON 0070
__pmaintext            maintext     09A0
__powers_              strings      1037
__pstrings             strings      1000
__ptext718             text718      0061
__ptext719             text719      15BE
__ptext720             text719      1631
__ptext721             text719      1627
__ptext722             text718      073D
__ptext723             text728      0CD8
__ptext724             text724      084E
__ptext725             text719      164E
__ptext726             text719      15C5
__ptext727             text728      0CBA
__ptext728             text728      0C9F
__ptext729             text728      0EEC
__ptext730             text730      173E
__ptext731             text719      15E0
__ptext732             text719      1660
__ptext733             text728      0EAF
__ptext734             text718      06ED
__ptext735             text718      063F
__ptext736             text718      0735
__ptext737             text718      0601
__ptext738             text728      0E6A
__ptext739             text718      0692
__ptext740             text728      0F69
__ptext741             text724      096E
__ptext742             text724      0953
__ptext743             text718      0679
__ptext744             text728      0F5B
__ptext745             text745      167C
__ptext746             text746      1546
__ptext747             text718      066B
__ptext748             text748      003D
__ptext749             text719      1601
__ptext750             text719      161F
__ptext751             text719      1617
__ptext752             text719      160D
__ptext753             text719      1612
__ptext754             text719      1609
__ptext755             text755      0045
__ptext756             text719      1671
__ptext757             text757      0000
__size_of_I2C_EEIN     (abs)        0000
__size_of_I2C_EEOUT    (abs)        0000
__size_of_I2C_nack     (abs)        0000
__size_of___awdiv      (abs)        0000
__size_of___awmod      (abs)        0000
__size_of___awtoft     (abs)        0000
__size_of___bmul       (abs)        0000
__size_of___ftadd      (abs)        0000
__size_of___ftge       (abs)        0000
__size_of___ftmul      (abs)        0000
__size_of___ftneg      (abs)        0000
__size_of___ftpack     (abs)        0000
__size_of___ftsub      (abs)        0000
__size_of___fttol      (abs)        0000
__size_of___lbdiv      (abs)        0000
__size_of___lbmod      (abs)        0000
__size_of___lldiv      (abs)        0000
__size_of___llmod      (abs)        0000
__size_of___lltoft     (abs)        0000
__size_of___wmul       (abs)        0000
__size_of__div_to_l_   (abs)        0000
__size_of__tdiv_to_l_  (abs)        0000
__size_of_fround       (abs)        0000
__size_of_i2c_init     (abs)        0000
__size_of_i2c_read     (abs)        0000
__size_of_i2c_restart  (abs)        0000
__size_of_i2c_start    (abs)        0000
__size_of_i2c_stop     (abs)        0000
__size_of_i2c_write    (abs)        0000
__size_of_isdigit      (abs)        0000
__size_of_lcd_clear    (abs)        0000
__size_of_lcd_goto     (abs)        0000
__size_of_lcd_puts     (abs)        0000
__size_of_lcd_write    (abs)        0000
__size_of_main         (abs)        0000
__size_of_msecbase     (abs)        0000
__size_of_pause        (abs)        0000
__size_of_putch        (abs)        0000
__size_of_scale        (abs)        0000
__size_of_sprintf      (abs)        0000
__tdiv_to_l_           text746      1546
__tdiv_to_l_@cntr      cstackBANK0  0024
__tdiv_to_l_@exp1      cstackBANK0  0025
__tdiv_to_l_@f1        cstackCOMMON 0070
__tdiv_to_l_@f2        cstackCOMMON 0073
__tdiv_to_l_@quot      cstackBANK0  0020
_carac                 bssBANK1     00D5
_dpowers               strings      105E
_exit                  init         0000
_fround                text724      084E
_fround$2941           cstackBANK0  004E
_fround$2942           cstackBANK0  004B
_i2c_init              text755      0045
_i2c_read              text719      1617
_i2c_restart           text719      1612
_i2c_start             text719      1609
_i2c_stop              text719      160D
_i2c_write             text719      1601
_isdigit               text718      066B
_isdigit$2459          cstackCOMMON 0070
_lcd_clear             text719      1627
_lcd_goto              text719      15BE
_lcd_puts              text719      1631
_lcd_write             text719      164E
_main                  maintext     09A0
_msecbase              text719      1671
_nin                   bssBANK1     00D3
_num                   bssBANK1     00D0
_pause                 text719      1660
_putch                 text748      003D
_scale                 text728      0CD8
_scale$2943            cstackBANK0  0043
_sprintf               text718      0061
_sprintf$1951          cstackBANK1  00A0
btemp                  (abs)        007E
end_of_initialization  cinit        005D
fround@prec            cstackBANK0  0051
i2c_write@I2C_data     cstackCOMMON 0070
intlevel0              functab      0000
intlevel1              functab      0000
intlevel2              functab      0000
intlevel3              functab      0000
intlevel4              functab      0000
intlevel5              functab      0000
isdigit@c              cstackCOMMON 0071
l1059                                   
l1065                                   
l1068                                   
l1074                                   
l1080                                   
l1086                                   
l1092                                   
l1104                                   
l1110                                   
l1113                                   
l1116                                   
l1119                                   
l1122                                   
l1128                                   
l1134                                   
l1165                                   
l1314                                   
l2299                                   
l2309                                   
l2315                                   
l2345                                   
l2351                                   
l2395                                   
l2449                                   
l2462                                   
l2472                                   
l2476                                   
l2491                                   
l2530                                   
l2552                                   
l2560                                   
l2603                                   
l5110                                   
l5112                                   
l5114                                   
l5116                                   
l5118                                   
l5120                                   
l5122                                   
l5124                                   
l5126                                   
l5132                                   
l5134                                   
l5136                                   
l5138                                   
l5142                                   
l5144                                   
l5154                                   
l5162                                   
l5164                                   
l5166                                   
l5168                                   
l5170                                   
l5174                                   
l5178                                   
l5182                                   
l5190                                   
l5202                                   
l5212                                   
l5214                                   
l5216                                   
l5218                                   
l5222                                   
l5226                                   
l5228                                   
l5236                                   
l5248                                   
l5256                                   
l5258                                   
l5264                                   
l5272                                   
l5274                                   
l5280                                   
l5282                                   
l5284                                   
l5290                                   
l5294                                   
l5298                                   
l5304                                   
l5306                                   
l5310                                   
l5312                                   
l5318                                   
l5322                                   
l5324                                   
l5344                                   
l5346                                   
l5348                                   
l5350                                   
l5356                                   
l5358                                   
l5360                                   
l5362                                   
l5364                                   
l5372                                   
l5382                                   
l5388                                   
l5390                                   
l5394                                   
l5400                                   
l5404                                   
l5414                                   
l5418                                   
l5422                                   
l5426                                   
l5432                                   
l5446                                   
l5452                                   
l5460                                   
l5470                                   
l5472                                   
l5480                                   
l5482                                   
l5492                                   
l5496                                   
l5500                                   
l5506                                   
l5508                                   
l5512                                   
l5532                                   
l5536                                   
l5546                                   
l5550                                   
l5552                                   
l5554                                   
l5556                                   
l5558                                   
l5560                                   
l5562                                   
l5564                                   
l5566                                   
l5570                                   
l5572                                   
l5574                                   
l5584                                   
l5590                                   
l5596                                   
l5598                                   
l5602                                   
l5614                                   
l5624                                   
l5630                                   
l5634                                   
l5636                                   
l5640                                   
l5642                                   
l5648                                   
l5662                                   
l5664                                   
l5666                                   
l5668                                   
l5670                                   
l5672                                   
l5674                                   
l5676                                   
l5684                                   
l5686                                   
l5688                                   
l5696                                   
l5698                                   
l5700                                   
l5704                                   
l5706                                   
l5710                                   
l5716                                   
l5726                                   
l5728                                   
l5730                                   
l5732                                   
l5734                                   
l5736                                   
l5738                                   
l5740                                   
l5742                                   
l5744                                   
l5746                                   
l5748                                   
l5750                                   
l5752                                   
l5756                                   
l5766                                   
l5774                                   
l5778                                   
l5814                                   
l5816                                   
l5820                                   
l5822                                   
l5824                                   
l5828                                   
l5832                                   
l5834                                   
l5836                                   
l5842                                   
l5846                                   
l5852                                   
l5854                                   
l5860                                   
l5862                                   
l5866                                   
l5872                                   
l5876                                   
l5878                                   
l5900                                   
l5906                                   
l5908                                   
l5924                                   
l5926                                   
l5930                                   
l5934                                   
l5938                                   
l5940                                   
l5942                                   
l5944                                   
l5946                                   
l5948                                   
l5954                                   
l5956                                   
l5986                                   
l5988                                   
l5990                                   
l5994                                   
l6008                                   
l6012                                   
l6022                                   
l6042                                   
l6044                                   
l6054                                   
l6056                                   
l6062                                   
l6064                                   
l6070                                   
l6072                                   
l6078                                   
l6080                                   
l6084                                   
l6104                                   
l6138                                   
l6140                                   
l6150                                   
l6162                                   
l6164                                   
l6166                                   
l6168                                   
l6170                                   
l6172                                   
l6174                                   
l6176                                   
l6178                                   
l6180                                   
l6182                                   
l6184                                   
l6188                                   
l6190                                   
l6192                                   
l6194                                   
l6196                                   
l6198                                   
l6200                                   
l6202                                   
l6204                                   
l6206                                   
l6208                                   
l6210                                   
l6212                                   
l6214                                   
l6216                                   
l6218                                   
l6220                                   
l6222                                   
l6224                                   
l6226                                   
l6228                                   
l6230                                   
l6232                                   
l6234                                   
l6236                                   
l6238                                   
l6240                                   
l6242                                   
l6250                                   
l6252                                   
l6256                                   
l6258                                   
l6260                                   
l6262                                   
l6270                                   
l6272                                   
l6276                                   
l6278                                   
l6280                                   
l6282                                   
l6286                                   
l6290                                   
l6292                                   
l6294                                   
l6296                                   
l6298                                   
l6300                                   
l6302                                   
l6304                                   
l6306                                   
l6308                                   
l6310                                   
l6318                                   
l6320                                   
l6324                                   
l6330                                   
l6332                                   
l6334                                   
l6336                                   
l6344                                   
l6346                                   
l6352                                   
l6354                                   
l6356                                   
l6358                                   
l6360                                   
l6368                                   
l6370                                   
l6374                                   
lcd_goto@pos           cstackCOMMON 0075
lcd_puts@s             cstackCOMMON 0075
lcd_write@c            cstackCOMMON 0074
main@buffer            cstackBANK1  00B9
main@cnt1              cstackBANK1  00C8
main@cnt2              cstackBANK1  00CF
main@i                 cstackBANK1  00C9
main@x                 cstackBANK1  00CB
main@x_1874            cstackBANK1  00CC
main@x_1877            cstackBANK1  00CD
main@x_1881            cstackBANK1  00CE
pause@usvalue          cstackCOMMON 0070
pause@x                cstackCOMMON 0072
putch@dato             cstackCOMMON 0070
reset_vec              reset_vec    0000
scale@scl              cstackBANK0  0046
sprintf@_val           cstackBANK1  00B5
sprintf@ap             cstackBANK1  00A4
sprintf@c              cstackBANK1  00B4
sprintf@exp            cstackBANK1  00AC
sprintf@f              cstackBANK0  0052
sprintf@flag           cstackBANK1  00A8
sprintf@fval           cstackBANK1  00AE
sprintf@integ          cstackBANK1  00A5
sprintf@prec           cstackBANK1  00B2
sprintf@sp             cstackBANK1  00B1
sprintf@width          cstackBANK1  00AA
start                  init         0000
start_initialization   cinit        0052
u2320                                   
u3200                                   
wtemp0                 (abs)        007E
