HI-TECH Software C Compiler 

Linker command line:

--edf=C:\Program Files (x86)\HI-TECH Software\PICC\9.82\dat\en_msgs.txt -cs \
  -h+EEPROM_12C.sym -z -Q16F887 -ol.obj -MEEPROM_12C.map -E1 \
  -ACONST=00h-0FFhx32 -ACODE=00h-07FFhx4 -ASTRCODE=00h-01FFFh \
  -AENTRY=00h-0FFhx32 -ASTRING=00h-0FFhx32 -ABANK0=020h-06Fh \
  -ABANK1=0A0h-0EFh -ABANK2=0110h-016Fh -ABANK3=0190h-01EFh \
  -ARAM=020h-06Fh,0A0h-0EFh,0110h-016Fh,0190h-01EFh \
  -AABS1=020h-07Fh,0A0h-0EFh,0110h-016Fh,0190h-01EFh -ACOMMON=070h-07Fh \
  -ASFR0=00h-01Fh -ASFR1=080h-09Fh -ASFR2=0100h-010Fh -ASFR3=0180h-018Fh \
  -preset_vec=00h,intentry,init,end_init -ppowerup=CODE -pfunctab=CODE \
  -ACONFIG=02007h-02008h -pconfig=CONFIG -DCONFIG=2 -AIDLOC=02000h-02003h \
  -pidloc=IDLOC -DIDLOC=2 -AEEDATA=00h-0FFh/02100h -peeprom_data=EEDATA \
  -DEEDATA=2 -DCODE=2 -DSTRCODE=2 -DSTRING=2 -DCONST=2 -DENTRY=2 -k \
  startup.obj EEPROM_12C.obj 

Object code version is 3.10

Machine type is 16F887



                Name                               Link     Load   Length Selector   Space Scale
startup.obj     end_init                              0        0        3        0       0
EEPROM_12C.obj  config                             2007     2007        2     400E       0
                text757                              3C       3C        7       78       0
                text755                              43       43        E       86       0
                text747                             907      907       78     120E       0
                text746                            15B7     15B7       C2     2B6E       0
                text731                            1679     1679       C2     2CF2       0
                text729                             CAB      CAB      355     1956       0
                text725                             97F      97F      152     12FE       0
                text720                            173B     173B       C5     2E76       0
                text719                              61       61      79F       C2       0
                maintext                            AD1      AD1      1DA     15A2       0
                cstackBANK0                          20       20       3C       20       1
                cstackCOMMON                         70       70        E       70       1
                cstackBANK1                          A0       A0       30       A0       1
                bssBANK1                             D0       D0        B       A0       1
                cinit                                51       51       10       A2       0
                strings                             800      800       C5     1000       0

TOTAL           Name                               Link     Load   Length     Space
        CLASS   CONST          

        CLASS   CODE           
                end_init                              0        0        3         0
                text757                              3C       3C        7         0
                text755                              43       43        E         0
                text747                             907      907       78         0
                text746                            15B7     15B7       C2         0
                text731                            1679     1679       C2         0
                text729                             CAB      CAB      355         0
                text725                             97F      97F      152         0
                text720                            173B     173B       C5         0
                text719                              61       61      79F         0
                maintext                            AD1      AD1      1DA         0
                cinit                                51       51       10         0

        CLASS   STRCODE        

        CLASS   ENTRY          

        CLASS   STRING         
                strings                             800      800       C5         0

        CLASS   BANK0          
                cstackBANK0                          20       20       3C         1

        CLASS   BANK1          
                cstackBANK1                          A0       A0       30         1
                bssBANK1                             D0       D0        B         1

        CLASS   BANK2          

        CLASS   BANK3          

        CLASS   RAM            

        CLASS   ABS1           
                abs_s1                               7E       7E        2         1

        CLASS   COMMON         
                cstackCOMMON                         70       70        E         1

        CLASS   SFR0           

        CLASS   SFR1           

        CLASS   SFR2           

        CLASS   SFR3           

        CLASS   CONFIG         
                config                             2007     2007        2         0

        CLASS   IDLOC          

        CLASS   EEDATA         



SEGMENTS        Name                           Load    Length   Top    Selector   Space  Class     Delta

                reset_vec                      000000  000003  000003         0       0  CODE        2
                cstackBANK0                    000020  00003C  00005C        20       1  BANK0       1
                cstackCOMMON                   000070  00000E  00007E        70       1  COMMON      1
                text757                        00003C  000007  000043        78       0  CODE        2
                text755                        000043  00000E  000051        86       0  CODE        2
                cstackBANK1                    0000A0  00003B  0000DB        A0       1  BANK1       1
                cinit                          000051  000010  000061        A2       0  CODE        2
                text719                        000061  00079F  000800        C2       0  CODE        2
                strings                        000800  0000C5  0008C5      1000       0  STRING      2
                text747                        000907  000078  00097F      120E       0  CODE        2
                text725                        00097F  000152  000AD1      12FE       0  CODE        2
                maintext                       000AD1  0001DA  000CAB      15A2       0  CODE        2
                text729                        000CAB  000355  001000      1956       0  CODE        2
                text746                        0015B7  0000C2  001679      2B6E       0  CODE        2
                text731                        001679  0000C2  00173B      2CF2       0  CODE        2
                text720                        00173B  0000C5  001800      2E76       0  CODE        2
                config                         002007  000002  002009      400E       0  CONFIG      2


UNUSED ADDRESS RANGES

        Name                Unused          Largest block    Delta
        BANK0            005C-006F             14           1
        BANK1            00DB-00EF             15           1
        BANK2            0110-016F             60           1
        BANK3            0190-01EF             60           1
        CODE             0003-003B             39           2
                         08C5-0906             42
                         1000-15B6            5B7
                         1800-1FFF            800
        CONST            0003-003B             39           2
                         08C5-0906             3B
                         1000-15B6            100
                         1800-1FFF            100
        EEDATA           2100-21FF            100           2
        ENTRY            0003-003B             39           2
                         08C5-0906             3B
                         1000-15B6            100
                         1800-1FFF            100
        IDLOC            2000-2003              4           2
        RAM              005C-006F             14           1
                         00DB-00EF             15
                         0110-016F             60
                         0190-01EF             60
        SFR0             0000-001F             20           1
        SFR1             0080-009F             20           1
        SFR2             0100-010F             10           1
        SFR3             0180-018F             10           1
        STRCODE          0003-003B             39           2
                         08C5-0906             42
                         1000-15B6            5B7
                         1800-1FFF            800
        STRING           0003-003B             39           2
                         08C5-0906             3B
                         1000-15B6            100
                         1800-1FFF            100

                                  Symbol Table

??_I2C_EEIN            cstackCOMMON 0072
??_I2C_EEOUT           cstackCOMMON 0076
??_I2C_nack            cstackCOMMON 0070
??___awdiv             cstackCOMMON 007A
??___awmod             cstackCOMMON 0074
??___bmul              cstackCOMMON 007A
??___ftadd             cstackBANK0  0042
??___ftge              cstackCOMMON 0076
??___ftmul             cstackBANK0  0033
??___ftneg             cstackCOMMON 0073
??___ftpack            cstackCOMMON 0075
??___ftsub             cstackCOMMON 007E
??___fttol             cstackBANK0  0024
??___lbdiv             cstackCOMMON 0076
??___lbmod             cstackCOMMON 0071
??___lbtoft            cstackCOMMON 007B
??___lldiv             cstackCOMMON 0078
??___llmod             cstackCOMMON 007D
??___lltoft            cstackCOMMON 007C
??___wmul              cstackCOMMON 0074
??__div_to_l_          cstackCOMMON 0076
??__tdiv_to_l_         cstackCOMMON 0076
??_fround              cstackCOMMON 007E
??_i2c_init            cstackCOMMON 0070
??_i2c_read            cstackCOMMON 0070
??_i2c_restart         cstackCOMMON 0070
??_i2c_start           cstackCOMMON 0070
??_i2c_stop            cstackCOMMON 0070
??_i2c_write           cstackCOMMON 0070
??_isdigit             cstackCOMMON 0070
??_lcd_clear           cstackCOMMON 0076
??_lcd_goto            cstackCOMMON 0076
??_lcd_puts            cstackCOMMON 0078
??_lcd_write           cstackCOMMON 0076
??_main                cstackBANK0  005B
??_msecbase            cstackCOMMON 0070
??_pause               cstackCOMMON 0072
??_putch               cstackCOMMON 0070
??_scale               cstackBANK0  003F
??_sprintf             cstackBANK0  0056
?_I2C_EEIN             cstackCOMMON 0071
?_I2C_EEOUT            cstackCOMMON 0074
?_I2C_nack             cstackCOMMON 0070
?___awdiv              cstackCOMMON 0076
?___awmod              cstackCOMMON 0070
?___bmul               cstackCOMMON 0079
?___ftadd              cstackBANK0  003C
?___ftge               cstackCOMMON 0070
?___ftmul              cstackBANK0  002D
?___ftneg              cstackCOMMON 0070
?___ftpack             cstackCOMMON 0070
?___ftsub              cstackBANK0  0048
?___fttol              cstackBANK0  0020
?___lbdiv              cstackCOMMON 0075
?___lbmod              cstackCOMMON 0070
?___lbtoft             cstackCOMMON 0078
?___lldiv              cstackCOMMON 0070
?___llmod              cstackBANK0  0020
?___lltoft             cstackCOMMON 0078
?___wmul               cstackCOMMON 0070
?__div_to_l_           cstackCOMMON 0070
?__tdiv_to_l_          cstackCOMMON 0070
?_fround               cstackBANK0  0048
?_i2c_init             cstackCOMMON 0070
?_i2c_read             cstackCOMMON 0070
?_i2c_restart          cstackCOMMON 0070
?_i2c_start            cstackCOMMON 0070
?_i2c_stop             cstackCOMMON 0070
?_i2c_write            cstackCOMMON 0070
?_isdigit              cstackCOMMON 0070
?_lcd_clear            cstackCOMMON 0070
?_lcd_goto             cstackCOMMON 0070
?_lcd_puts             cstackCOMMON 0076
?_lcd_write            cstackCOMMON 0074
?_main                 cstackCOMMON 0070
?_msecbase             cstackCOMMON 0070
?_pause                cstackCOMMON 0070
?_putch                cstackCOMMON 0070
?_scale                cstackBANK0  003C
?_sprintf              cstackBANK0  0052
I2C_EEIN@address1      cstackCOMMON 0072
I2C_EEIN@address2      cstackCOMMON 0071
I2C_EEIN@data          cstackCOMMON 0073
I2C_EEOUT@address1     cstackCOMMON 0076
I2C_EEOUT@address2     cstackCOMMON 0074
I2C_EEOUT@data         cstackCOMMON 0075
_ADCON0                (abs)        001F
_ADRESH                (abs)        001E
_ADRESL                (abs)        009E
_ANSEL                 (abs)        0188
_ANSELH                (abs)        0189
_BAUDCTL               (abs)        0187
_CCP1CON               (abs)        0017
_CCP2CON               (abs)        001D
_CCPR1L                (abs)        0015
_CCPR2L                (abs)        001B
_GO_DONE               (abs)        00F9
_I2C_EEIN              text720      1761
_I2C_EEOUT             text720      1746
_I2C_nack              text720      17A0
_IRCF1                 (abs)        047D
_IRCF2                 (abs)        047E
_OPTION_REG            (abs)        0081
_OSCCON                (abs)        008F
_PIR1                  (abs)        000C
_PIR1bits              (abs)        000C
_PORTA                 (abs)        0005
_PORTB                 (abs)        0006
_PORTD                 (abs)        0008
_PR2                   (abs)        0092
_RCSTA                 (abs)        0018
_RE0                   (abs)        0048
_RE1                   (abs)        0049
_RE2                   (abs)        004A
_SCS                   (abs)        0478
_SMP                   (abs)        04A7
_SPBRG                 (abs)        0099
_SSPADD                (abs)        0093
_SSPBUF                (abs)        0013
_SSPCON                (abs)        0014
_SSPCON2               (abs)        0091
_SSPCON2bits           (abs)        0091
_SSPSTAT               (abs)        0094
_T0IF                  (abs)        005A
_T2CON                 (abs)        0012
_TMR0                  (abs)        0001
_TRISA                 (abs)        0085
_TRISB                 (abs)        0086
_TRISC                 (abs)        0087
_TRISC1                (abs)        0439
_TRISC2                (abs)        043A
_TRISC6                (abs)        043E
_TRISC7                (abs)        043F
_TRISCbits             (abs)        0087
_TRISD                 (abs)        0088
_TRISE                 (abs)        0089
_TXIF                  (abs)        0064
_TXREG                 (abs)        0019
_TXSTA                 (abs)        0098
__Habs1                abs1         0000
__Hbank0               bank0        0000
__Hbank1               bank1        0000
__Hbank2               bank2        0000
__Hbank3               bank3        0000
__HbssBANK1            bssBANK1     0000
__Hcinit               cinit        0000
__Hclrtext             clrtext      0000
__Hcode                code         0000
__Hcommon              common       0000
__Hconfig              config       2009
__HcstackBANK0         cstackBANK0  0000
__HcstackBANK1         cstackBANK1  0000
__HcstackCOMMON        cstackCOMMON 0000
__Heeprom_data         eeprom_data  0000
__Hend_init            end_init     0003
__Hfunctab             functab      0000
__Hidloc               idloc        0000
__Hinit                init         0000
__Hintentry            intentry     0000
__Hmaintext            maintext     0000
__Hpa_nodes            pa_nodes     0000
__Hpowerup             powerup      0000
__Hram                 ram          0000
__Hreset_vec           reset_vec    0000
__Hsfr0                sfr0         0000
__Hsfr1                sfr1         0000
__Hsfr2                sfr2         0000
__Hsfr3                sfr3         0000
__Hstrings             strings      0000
__Htext                text         0000
__Labs1                abs1         0000
__Lbank0               bank0        0000
__Lbank1               bank1        0000
__Lbank2               bank2        0000
__Lbank3               bank3        0000
__LbssBANK1            bssBANK1     0000
__Lcinit               cinit        0000
__Lclrtext             clrtext      0000
__Lcode                code         0000
__Lcommon              common       0000
__Lconfig              config       2007
__LcstackBANK0         cstackBANK0  0000
__LcstackBANK1         cstackBANK1  0000
__LcstackCOMMON        cstackCOMMON 0000
__Leeprom_data         eeprom_data  0000
__Lend_init            end_init     0000
__Lfunctab             functab      0000
__Lidloc               idloc        0000
__Linit                init         0000
__Lintentry            intentry     0000
__Lmaintext            maintext     0000
__Lpa_nodes            pa_nodes     0000
__Lpowerup             powerup      0000
__Lram                 ram          0000
__Lreset_vec           reset_vec    0000
__Lsfr0                sfr0         0000
__Lsfr1                sfr1         0000
__Lsfr2                sfr2         0000
__Lsfr3                sfr3         0000
__Lstrings             strings      0000
__Ltext                text         0000
__S0                   (abs)        2009
__S1                   (abs)        00DB
__S2                   (abs)        0000
___awdiv               text729      0E6A
___awdiv@counter       cstackCOMMON 007A
___awdiv@dividend      cstackCOMMON 0078
___awdiv@divisor       cstackCOMMON 0076
___awdiv@quotient      cstackCOMMON 007C
___awdiv@sign          cstackCOMMON 007B
___awmod               text729      0EAF
___awmod@counter       cstackCOMMON 0074
___awmod@dividend      cstackCOMMON 0072
___awmod@divisor       cstackCOMMON 0070
___awmod@sign          cstackCOMMON 0075
___bmul                text729      0F5B
___bmul@multiplicand   cstackCOMMON 0079
___bmul@multiplier     cstackCOMMON 007B
___bmul@product        cstackCOMMON 007A
___ftadd               text731      1679
___ftadd@exp1          cstackBANK0  0047
___ftadd@exp2          cstackBANK0  0046
___ftadd@f1            cstackBANK0  003C
___ftadd@f2            cstackBANK0  003F
___ftadd@sign          cstackBANK0  0045
___ftge                text719      063F
___ftge@ff1            cstackCOMMON 0070
___ftge@ff2            cstackCOMMON 0073
___ftmul               text729      0EEC
___ftmul@cntr          cstackBANK0  003A
___ftmul@exp           cstackBANK0  0036
___ftmul@f1            cstackBANK0  002D
___ftmul@f2            cstackBANK0  0030
___ftmul@f3_as_product cstackBANK0  0037
___ftmul@sign          cstackBANK0  003B
___ftneg               text719      0735
___ftneg@f1            cstackCOMMON 0070
___ftpack              text729      0F69
___ftpack@arg          cstackCOMMON 0070
___ftpack@exp          cstackCOMMON 0073
___ftpack@sign         cstackCOMMON 0074
___ftsub               text719      073D
___ftsub@f1            cstackBANK0  004B
___ftsub@f2            cstackBANK0  0048
___fttol               text719      0692
___fttol@exp1          cstackBANK0  002C
___fttol@f1            cstackBANK0  0020
___fttol@lval          cstackBANK0  0028
___fttol@sign1         cstackBANK0  0027
___lbdiv               text725      0A84
___lbdiv@counter       cstackCOMMON 0077
___lbdiv@dividend      cstackCOMMON 0076
___lbdiv@divisor       cstackCOMMON 0075
___lbdiv@quotient      cstackCOMMON 0078
___lbmod               text725      0A9F
___lbmod@counter       cstackCOMMON 0073
___lbmod@dividend      cstackCOMMON 0072
___lbmod@divisor       cstackCOMMON 0070
___lbmod@rem           cstackCOMMON 0074
___lbtoft              text729      0CAB
___lbtoft@c            cstackCOMMON 007B
___lldiv               text719      06ED
___lldiv@counter       cstackCOMMON 007C
___lldiv@dividend      cstackCOMMON 0074
___lldiv@divisor       cstackCOMMON 0070
___lldiv@quotient      cstackCOMMON 0078
___llmod               text719      0601
___llmod@counter       cstackCOMMON 007D
___llmod@dividend      cstackBANK0  0024
___llmod@divisor       cstackBANK0  0020
___lltoft              text729      0CBA
___lltoft@c            cstackCOMMON 0078
___lltoft@exp          cstackCOMMON 007C
___wmul                text719      0679
___wmul@multiplicand   cstackCOMMON 0072
___wmul@multiplier     cstackCOMMON 0070
___wmul@product        cstackCOMMON 0074
__div_to_l_            text746      15B7
__div_to_l_@cntr       cstackBANK0  0024
__div_to_l_@exp1       cstackBANK0  0025
__div_to_l_@f1         cstackCOMMON 0070
__div_to_l_@f2         cstackCOMMON 0073
__div_to_l_@quot       cstackBANK0  0020
__end_of_I2C_EEIN      text720      1782
__end_of_I2C_EEOUT     text720      1761
__end_of_I2C_nack      text720      17A8
__end_of___awdiv       text729      0EAF
__end_of___awmod       text729      0EEC
__end_of___bmul        text729      0F69
__end_of___ftadd       text731      173B
__end_of___ftge        text719      066B
__end_of___ftmul       text729      0F5B
__end_of___ftneg       text719      073D
__end_of___ftpack      text729      0FA7
__end_of___ftsub       text719      0755
__end_of___fttol       text719      06ED
__end_of___lbdiv       text725      0A9F
__end_of___lbmod       text725      0ABB
__end_of___lbtoft      text729      0CBA
__end_of___lldiv       text719      0735
__end_of___llmod       text719      063F
__end_of___lltoft      text729      0CD8
__end_of___wmul        text719      0692
__end_of__div_to_l_    text746      166C
__end_of__tdiv_to_l_   text747      097F
__end_of_fround        text725      0A84
__end_of_i2c_init      text755      0051
__end_of_i2c_read      text720      17A0
__end_of_i2c_restart   text720      1798
__end_of_i2c_start     text720      178E
__end_of_i2c_stop      text720      1793
__end_of_i2c_write     text720      178A
__end_of_isdigit       text719      0679
__end_of_lcd_clear     text720      17B3
__end_of_lcd_goto      text720      1746
__end_of_lcd_puts      text720      17D3
__end_of_lcd_write     text720      17E4
__end_of_main          maintext     0CAB
__end_of_msecbase      text720      1800
__end_of_pause         text720      17F5
__end_of_putch         text757      0043
__end_of_scale         text729      0E6A
__end_of_sprintf       text719      0601
__npowers_             strings      0810
__pbssBANK1            bssBANK1     00D0
__pcstackBANK0         cstackBANK0  0020
__pcstackBANK1         cstackBANK1  00A0
__pcstackCOMMON        cstackCOMMON 0070
__pmaintext            maintext     0AD1
__powers_              strings      0837
__pstrings             strings      0800
__ptext719             text719      0061
__ptext720             text720      173B
__ptext721             text720      17B3
__ptext722             text720      17A8
__ptext723             text719      073D
__ptext724             text729      0CD8
__ptext725             text725      097F
__ptext726             text720      17D3
__ptext727             text720      1746
__ptext728             text729      0CBA
__ptext729             text729      0CAB
__ptext730             text729      0EEC
__ptext731             text731      1679
__ptext732             text720      1761
__ptext733             text720      17E4
__ptext734             text729      0EAF
__ptext735             text719      06ED
__ptext736             text719      063F
__ptext737             text719      0735
__ptext738             text719      0601
__ptext739             text729      0E6A
__ptext740             text719      0692
__ptext741             text729      0F69
__ptext742             text725      0A9F
__ptext743             text725      0A84
__ptext744             text719      0679
__ptext745             text729      0F5B
__ptext746             text746      15B7
__ptext747             text747      0907
__ptext748             text719      066B
__ptext749             text720      1782
__ptext750             text720      17A0
__ptext751             text720      1798
__ptext752             text720      178E
__ptext753             text720      1793
__ptext754             text720      178A
__ptext755             text755      0043
__ptext756             text720      17F5
__ptext757             text757      003C
__ptext758             text758      0000
__size_of_I2C_EEIN     (abs)        0000
__size_of_I2C_EEOUT    (abs)        0000
__size_of_I2C_nack     (abs)        0000
__size_of___awdiv      (abs)        0000
__size_of___awmod      (abs)        0000
__size_of___bmul       (abs)        0000
__size_of___ftadd      (abs)        0000
__size_of___ftge       (abs)        0000
__size_of___ftmul      (abs)        0000
__size_of___ftneg      (abs)        0000
__size_of___ftpack     (abs)        0000
__size_of___ftsub      (abs)        0000
__size_of___fttol      (abs)        0000
__size_of___lbdiv      (abs)        0000
__size_of___lbmod      (abs)        0000
__size_of___lbtoft     (abs)        0000
__size_of___lldiv      (abs)        0000
__size_of___llmod      (abs)        0000
__size_of___lltoft     (abs)        0000
__size_of___wmul       (abs)        0000
__size_of__div_to_l_   (abs)        0000
__size_of__tdiv_to_l_  (abs)        0000
__size_of_fround       (abs)        0000
__size_of_i2c_init     (abs)        0000
__size_of_i2c_read     (abs)        0000
__size_of_i2c_restart  (abs)        0000
__size_of_i2c_start    (abs)        0000
__size_of_i2c_stop     (abs)        0000
__size_of_i2c_write    (abs)        0000
__size_of_isdigit      (abs)        0000
__size_of_lcd_clear    (abs)        0000
__size_of_lcd_goto     (abs)        0000
__size_of_lcd_puts     (abs)        0000
__size_of_lcd_write    (abs)        0000
__size_of_main         (abs)        0000
__size_of_msecbase     (abs)        0000
__size_of_pause        (abs)        0000
__size_of_putch        (abs)        0000
__size_of_scale        (abs)        0000
__size_of_sprintf      (abs)        0000
__tdiv_to_l_           text747      0907
__tdiv_to_l_@cntr      cstackBANK0  0024
__tdiv_to_l_@exp1      cstackBANK0  0025
__tdiv_to_l_@f1        cstackCOMMON 0070
__tdiv_to_l_@f2        cstackCOMMON 0073
__tdiv_to_l_@quot      cstackBANK0  0020
_carac                 bssBANK1     00D1
_carac1                bssBANK1     00D6
_dpowers               strings      085E
_exit                  init         0000
_fround                text725      097F
_fround$2942           cstackBANK0  004E
_fround$2943           cstackBANK0  004B
_i2c_init              text755      0043
_i2c_read              text720      1798
_i2c_restart           text720      1793
_i2c_start             text720      178A
_i2c_stop              text720      178E
_i2c_write             text720      1782
_isdigit               text719      066B
_isdigit$2451          cstackCOMMON 0070
_lcd_clear             text720      17A8
_lcd_goto              text720      173B
_lcd_puts              text720      17B3
_lcd_write             text720      17D3
_main                  maintext     0AD1
_main$2941             cstackBANK1  00C8
_msecbase              text720      17F5
_nin                   bssBANK1     00D0
_pause                 text720      17E4
_putch                 text757      003C
_scale                 text729      0CD8
_scale$2944            cstackBANK0  0043
_sprintf               text719      0061
_sprintf$1943          cstackBANK1  00A0
btemp                  (abs)        007E
end_of_initialization  cinit        005D
fround@prec            cstackBANK0  0051
i2c_write@I2C_data     cstackCOMMON 0070
intlevel0              functab      0000
intlevel1              functab      0000
intlevel2              functab      0000
intlevel3              functab      0000
intlevel4              functab      0000
intlevel5              functab      0000
isdigit@c              cstackCOMMON 0071
l1053                                   
l1082                                   
l1088                                   
l1091                                   
l1097                                   
l1103                                   
l1109                                   
l1115                                   
l1127                                   
l1133                                   
l1136                                   
l1139                                   
l1142                                   
l1145                                   
l1151                                   
l1157                                   
l1313                                   
l2298                                   
l2308                                   
l2314                                   
l2344                                   
l2350                                   
l2394                                   
l2436                                   
l2461                                   
l2471                                   
l2475                                   
l2490                                   
l2529                                   
l2551                                   
l2559                                   
l2602                                   
l5091                                   
l5095                                   
l5097                                   
l5099                                   
l5101                                   
l5103                                   
l5105                                   
l5107                                   
l5109                                   
l5111                                   
l5113                                   
l5119                                   
l5121                                   
l5123                                   
l5125                                   
l5127                                   
l5137                                   
l5145                                   
l5147                                   
l5149                                   
l5151                                   
l5153                                   
l5157                                   
l5161                                   
l5165                                   
l5173                                   
l5185                                   
l5195                                   
l5197                                   
l5199                                   
l5201                                   
l5205                                   
l5209                                   
l5211                                   
l5219                                   
l5231                                   
l5239                                   
l5241                                   
l5247                                   
l5255                                   
l5257                                   
l5263                                   
l5265                                   
l5267                                   
l5273                                   
l5277                                   
l5281                                   
l5287                                   
l5289                                   
l5293                                   
l5295                                   
l5301                                   
l5305                                   
l5307                                   
l5327                                   
l5329                                   
l5331                                   
l5333                                   
l5339                                   
l5341                                   
l5343                                   
l5345                                   
l5347                                   
l5355                                   
l5365                                   
l5371                                   
l5373                                   
l5377                                   
l5383                                   
l5387                                   
l5397                                   
l5401                                   
l5405                                   
l5409                                   
l5415                                   
l5429                                   
l5435                                   
l5443                                   
l5453                                   
l5455                                   
l5463                                   
l5465                                   
l5475                                   
l5479                                   
l5483                                   
l5489                                   
l5491                                   
l5495                                   
l5515                                   
l5519                                   
l5529                                   
l5533                                   
l5535                                   
l5537                                   
l5539                                   
l5541                                   
l5543                                   
l5545                                   
l5547                                   
l5549                                   
l5553                                   
l5555                                   
l5557                                   
l5567                                   
l5573                                   
l5579                                   
l5581                                   
l5585                                   
l5597                                   
l5607                                   
l5613                                   
l5617                                   
l5619                                   
l5623                                   
l5625                                   
l5631                                   
l5645                                   
l5647                                   
l5649                                   
l5651                                   
l5653                                   
l5655                                   
l5657                                   
l5659                                   
l5667                                   
l5669                                   
l5671                                   
l5679                                   
l5681                                   
l5683                                   
l5687                                   
l5691                                   
l5701                                   
l5703                                   
l5705                                   
l5707                                   
l5709                                   
l5711                                   
l5715                                   
l5717                                   
l5719                                   
l5721                                   
l5723                                   
l5725                                   
l5727                                   
l5731                                   
l5741                                   
l5749                                   
l5753                                   
l5789                                   
l5791                                   
l5795                                   
l5797                                   
l5799                                   
l5803                                   
l5807                                   
l5809                                   
l5811                                   
l5817                                   
l5821                                   
l5827                                   
l5829                                   
l5835                                   
l5837                                   
l5841                                   
l5847                                   
l5851                                   
l5853                                   
l5875                                   
l5881                                   
l5883                                   
l5899                                   
l5901                                   
l5905                                   
l5909                                   
l5913                                   
l5915                                   
l5917                                   
l5919                                   
l5921                                   
l5923                                   
l5929                                   
l5931                                   
l5961                                   
l5963                                   
l5965                                   
l5969                                   
l5983                                   
l5987                                   
l5997                                   
l6017                                   
l6019                                   
l6029                                   
l6031                                   
l6037                                   
l6039                                   
l6045                                   
l6047                                   
l6053                                   
l6055                                   
l6059                                   
l6079                                   
l6113                                   
l6115                                   
l6125                                   
l6137                                   
l6139                                   
l6141                                   
l6143                                   
l6145                                   
l6147                                   
l6149                                   
l6151                                   
l6153                                   
l6155                                   
l6157                                   
l6159                                   
l6161                                   
l6165                                   
l6167                                   
l6169                                   
l6171                                   
l6173                                   
l6175                                   
l6177                                   
l6179                                   
l6181                                   
l6183                                   
l6185                                   
l6187                                   
l6189                                   
l6191                                   
l6193                                   
l6195                                   
l6197                                   
l6199                                   
l6201                                   
l6203                                   
l6205                                   
l6207                                   
l6209                                   
l6211                                   
l6213                                   
l6215                                   
l6217                                   
l6221                                   
l6223                                   
l6225                                   
l6229                                   
l6231                                   
l6233                                   
l6235                                   
l6237                                   
l6253                                   
l6255                                   
l6257                                   
l6259                                   
l6261                                   
l6263                                   
l6265                                   
l6267                                   
l6269                                   
l6271                                   
l6273                                   
l6275                                   
l6277                                   
l6279                                   
l6281                                   
l6283                                   
l6285                                   
l6287                                   
l6289                                   
l6297                                   
l6299                                   
l6303                                   
lcd_goto@pos           cstackCOMMON 0076
lcd_puts@s             cstackCOMMON 0076
lcd_write@c            cstackCOMMON 0074
main@buffer            cstackBANK1  00B9
main@cnt1              cstackBANK1  00CF
main@cnt2              cstackBANK1  00CE
main@cnum              cstackBANK1  00CB
main@x                 cstackBANK1  00CD
pause@usvalue          cstackCOMMON 0070
pause@x                cstackCOMMON 0072
putch@dato             cstackCOMMON 0070
reset_vec              reset_vec    0000
scale@scl              cstackBANK0  0046
sprintf@_val           cstackBANK1  00B5
sprintf@ap             cstackBANK1  00A4
sprintf@c              cstackBANK1  00B4
sprintf@exp            cstackBANK1  00AC
sprintf@f              cstackBANK0  0052
sprintf@flag           cstackBANK1  00A8
sprintf@fval           cstackBANK1  00AE
sprintf@integ          cstackBANK1  00A5
sprintf@prec           cstackBANK1  00B2
sprintf@sp             cstackBANK1  00B1
sprintf@width          cstackBANK1  00AA
start                  init         0000
start_initialization   cinit        0051
u2240                                   
u3110                                   
wtemp0                 (abs)        007E
