HI-TECH Software C Compiler 

Linker command line:

--edf=C:\Program Files (x86)\HI-TECH Software\PICC\9.82\dat\en_msgs.txt -cs \
  -h+EEPROM_12C.sym -z -Q16F887 -ol.obj -MEEPROM_12C.map -E1 \
  -ACONST=00h-0FFhx32 -ACODE=00h-07FFhx4 -ASTRCODE=00h-01FFFh \
  -AENTRY=00h-0FFhx32 -ASTRING=00h-0FFhx32 -ABANK0=020h-06Fh \
  -ABANK1=0A0h-0EFh -ABANK2=0110h-016Fh -ABANK3=0190h-01EFh \
  -ARAM=020h-06Fh,0A0h-0EFh,0110h-016Fh,0190h-01EFh \
  -AABS1=020h-07Fh,0A0h-0EFh,0110h-016Fh,0190h-01EFh -ACOMMON=070h-07Fh \
  -ASFR0=00h-01Fh -ASFR1=080h-09Fh -ASFR2=0100h-010Fh -ASFR3=0180h-018Fh \
  -preset_vec=00h,intentry,init,end_init -ppowerup=CODE -pfunctab=CODE \
  -ACONFIG=02007h-02008h -pconfig=CONFIG -DCONFIG=2 -AIDLOC=02000h-02003h \
  -pidloc=IDLOC -DIDLOC=2 -AEEDATA=00h-0FFh/02100h -peeprom_data=EEDATA \
  -DEEDATA=2 -DCODE=2 -DSTRCODE=2 -DSTRING=2 -DCONST=2 -DENTRY=2 -k \
  startup.obj EEPROM_12C.obj 

Object code version is 3.10

Machine type is 16F887



                Name                               Link     Load   Length Selector   Space Scale
startup.obj     end_init                              0        0        3        0       0
EEPROM_12C.obj  config                             2007     2007        2     400E       0
                text455                             3A5      3A5        9      74A       0
                text452                             39D      39D        8      73A       0
                text451                             3AE      3AE       11      75C       0
                text446                             3BF      3BF       32      77E       0
                text438                             48D      48D       EF      91A       0
                text437                             3F1      3F1       9C      7E2       0
                maintext                            57C      57C      284      AF8       0
                cstackBANK0                          20       20       26       20       1
                cstackCOMMON                         70       70        E       70       1
                cinit                               399      399        4      732       0
                strings                               3        3       8E        6       0

TOTAL           Name                               Link     Load   Length     Space
        CLASS   CONST          

        CLASS   CODE           
                end_init                              0        0        3         0
                text455                             3A5      3A5        9         0
                text452                             39D      39D        8         0
                text451                             3AE      3AE       11         0
                text446                             3BF      3BF       32         0
                text438                             48D      48D       EF         0
                text437                             3F1      3F1       9C         0
                maintext                            57C      57C      284         0
                cinit                               399      399        4         0

        CLASS   STRCODE        

        CLASS   ENTRY          

        CLASS   STRING         
                strings                               3        3       8E         0

        CLASS   BANK0          
                cstackBANK0                          20       20       26         1

        CLASS   BANK1          

        CLASS   BANK2          

        CLASS   BANK3          

        CLASS   RAM            

        CLASS   ABS1           
                abs_s1                               7E       7E        2         1

        CLASS   COMMON         
                cstackCOMMON                         70       70        E         1

        CLASS   SFR0           

        CLASS   SFR1           

        CLASS   SFR2           

        CLASS   SFR3           

        CLASS   CONFIG         
                config                             2007     2007        2         0

        CLASS   IDLOC          

        CLASS   EEDATA         



SEGMENTS        Name                           Load    Length   Top    Selector   Space  Class     Delta

                reset_vec                      000000  000003  000003         0       0  CODE        2
                strings                        000003  00008E  000091         6       0  STRING      2
                cstackBANK0                    000020  000026  000046        20       1  BANK0       1
                cstackCOMMON                   000070  00000E  00007E        70       1  COMMON      1
                cinit                          000399  000004  00039D       732       0  CODE        2
                text452                        00039D  000008  0003A5       73A       0  CODE        2
                text455                        0003A5  000009  0003AE       74A       0  CODE        2
                text451                        0003AE  000011  0003BF       75C       0  CODE        2
                text446                        0003BF  000032  0003F1       77E       0  CODE        2
                text437                        0003F1  00009C  00048D       7E2       0  CODE        2
                text438                        00048D  0000EF  00057C       91A       0  CODE        2
                maintext                       00057C  000284  000800       AF8       0  CODE        2
                config                         002007  000002  002009      400E       0  CONFIG      2


UNUSED ADDRESS RANGES

        Name                Unused          Largest block    Delta
        BANK0            0046-006F             2A           1
        BANK1            00A0-00EF             50           1
        BANK2            0110-016F             60           1
        BANK3            0190-01EF             60           1
        CODE             0091-0398            308           2
                         0800-1FFF            800
        CONST            0091-0398            100           2
                         0800-1FFF            100
        EEDATA           2100-21FF            100           2
        ENTRY            0091-0398            100           2
                         0800-1FFF            100
        IDLOC            2000-2003              4           2
        RAM              0046-006F             2A           1
                         00A0-00EF             50
                         0110-016F             60
                         0190-01EF             60
        SFR0             0000-001F             20           1
        SFR1             0080-009F             20           1
        SFR2             0100-010F             10           1
        SFR3             0180-018F             10           1
        STRCODE          0091-0398            308           2
                         0800-1FFF           1800
        STRING           0091-0398            100           2
                         0800-1FFF            100

                                  Symbol Table

??_I2C_EEIN               cstackCOMMON 0079
??_I2C_EEOUT              cstackCOMMON 0079
??___lwdiv                cstackCOMMON 0074
??___lwmod                cstackCOMMON 007B
??_i2c_init               cstackCOMMON 0070
??_i2c_read               cstackCOMMON 0077
??_i2c_repStart           cstackCOMMON 0075
??_i2c_start              cstackCOMMON 0075
??_i2c_stop               cstackCOMMON 0075
??_i2c_waitForIdle        cstackCOMMON 0070
??_i2c_write              cstackCOMMON 0075
??_init_micro             cstackCOMMON 0070
??_lcd_clear              cstackCOMMON 0072
??_lcd_goto               cstackCOMMON 0072
??_lcd_puts               cstackCOMMON 0072
??_lcd_write              cstackCOMMON 0070
??_main                   cstackCOMMON 007E
??_msecbase               cstackCOMMON 0070
??_pause                  cstackCOMMON 0074
??_putch                  cstackCOMMON 0070
??_sprintf                cstackCOMMON 007C
?_I2C_EEIN                cstackCOMMON 0070
?_I2C_EEOUT               cstackCOMMON 0078
?___lwdiv                 cstackCOMMON 0070
?___lwmod                 cstackCOMMON 0077
?_i2c_init                cstackCOMMON 0070
?_i2c_read                cstackCOMMON 0075
?_i2c_repStart            cstackCOMMON 0070
?_i2c_start               cstackCOMMON 0070
?_i2c_stop                cstackCOMMON 0070
?_i2c_waitForIdle         cstackCOMMON 0070
?_i2c_write               cstackCOMMON 0070
?_init_micro              cstackCOMMON 0070
?_lcd_clear               cstackCOMMON 0070
?_lcd_goto                cstackCOMMON 0070
?_lcd_puts                cstackCOMMON 0070
?_lcd_write               cstackCOMMON 0070
?_main                    cstackCOMMON 0070
?_msecbase                cstackCOMMON 0070
?_pause                   cstackCOMMON 0070
?_putch                   cstackCOMMON 0070
?_sprintf                 cstackBANK0  0020
I2C_EEIN@address          cstackCOMMON 0079
I2C_EEIN@data             cstackCOMMON 007A
I2C_EEOUT@address         cstackCOMMON 0079
I2C_EEOUT@data            cstackCOMMON 0078
_ACKDT                    (abs)        048D
_ACKEN                    (abs)        048C
_ACKSTAT                  (abs)        048E
_ANSEL                    (abs)        0188
_ANSELH                   (abs)        0189
_BAUDCTL                  (abs)        0187
_BCLIF                    (abs)        006B
_CKE                      (abs)        04A6
_CM1CON0                  (abs)        0107
_CM2CON0                  (abs)        0108
_I2C_EEIN                 text437      040A
_I2C_EEOUT                text437      03F1
_INTCON                   (abs)        000B
_OPTION_REG               (abs)        0081
_OSCCON                   (abs)        008F
_PEN                      (abs)        048A
_PORTA                    (abs)        0005
_PORTB                    (abs)        0006
_PORTD                    (abs)        0008
_RA6                      (abs)        002E
_RA7                      (abs)        002F
_RCEN                     (abs)        048B
_RCSTA                    (abs)        0018
_RE1                      (abs)        0049
_RSEN                     (abs)        0489
_R_W                      (abs)        04A2
_SEN                      (abs)        0488
_SMP                      (abs)        04A7
_SPBRG                    (abs)        0099
_SSPADD                   (abs)        0093
_SSPBUF                   (abs)        0013
_SSPCON                   (abs)        0014
_SSPCON2                  (abs)        0091
_SSPIF                    (abs)        0063
_T0IF                     (abs)        005A
_TMR0                     (abs)        0001
_TRISA                    (abs)        0085
_TRISB                    (abs)        0086
_TRISC3                   (abs)        043B
_TRISC4                   (abs)        043C
_TRISC6                   (abs)        043E
_TRISC7                   (abs)        043F
_TRISD                    (abs)        0088
_TXIF                     (abs)        0064
_TXREG                    (abs)        0019
_TXSTA                    (abs)        0098
__Habs1                   abs1         0000
__Hbank0                  bank0        0000
__Hbank1                  bank1        0000
__Hbank2                  bank2        0000
__Hbank3                  bank3        0000
__Hcinit                  cinit        0000
__Hclrtext                clrtext      0000
__Hcode                   code         0000
__Hcommon                 common       0000
__Hconfig                 config       2009
__HcstackBANK0            cstackBANK0  0000
__HcstackCOMMON           cstackCOMMON 0000
__Heeprom_data            eeprom_data  0000
__Hend_init               end_init     0003
__Hfunctab                functab      0000
__Hidloc                  idloc        0000
__Hinit                   init         0000
__Hintentry               intentry     0000
__Hmaintext               maintext     0000
__Hpa_nodes               pa_nodes     0000
__Hpowerup                powerup      0000
__Hram                    ram          0000
__Hreset_vec              reset_vec    0000
__Hsfr0                   sfr0         0000
__Hsfr1                   sfr1         0000
__Hsfr2                   sfr2         0000
__Hsfr3                   sfr3         0000
__Hstrings                strings      0000
__Htext                   text         0000
__Labs1                   abs1         0000
__Lbank0                  bank0        0000
__Lbank1                  bank1        0000
__Lbank2                  bank2        0000
__Lbank3                  bank3        0000
__Lcinit                  cinit        0000
__Lclrtext                clrtext      0000
__Lcode                   code         0000
__Lcommon                 common       0000
__Lconfig                 config       2007
__LcstackBANK0            cstackBANK0  0000
__LcstackCOMMON           cstackCOMMON 0000
__Leeprom_data            eeprom_data  0000
__Lend_init               end_init     0000
__Lfunctab                functab      0000
__Lidloc                  idloc        0000
__Linit                   init         0000
__Lintentry               intentry     0000
__Lmaintext               maintext     0000
__Lpa_nodes               pa_nodes     0000
__Lpowerup                powerup      0000
__Lram                    ram          0000
__Lreset_vec              reset_vec    0000
__Lsfr0                   sfr0         0000
__Lsfr1                   sfr1         0000
__Lsfr2                   sfr2         0000
__Lsfr3                   sfr3         0000
__Lstrings                strings      0000
__Ltext                   text         0000
__S0                      (abs)        2009
__S1                      (abs)        007E
__S2                      (abs)        0000
___lwdiv                  text438      0528
___lwdiv@counter          cstackCOMMON 0076
___lwdiv@dividend         cstackCOMMON 0072
___lwdiv@divisor          cstackCOMMON 0070
___lwdiv@quotient         cstackCOMMON 0074
___lwmod                  text438      0552
___lwmod@counter          cstackCOMMON 007B
___lwmod@dividend         cstackCOMMON 0079
___lwmod@divisor          cstackCOMMON 0077
__end_of_I2C_EEIN         text437      0426
__end_of_I2C_EEOUT        text437      040A
__end_of___lwdiv          text438      0552
__end_of___lwmod          text438      0576
__end_of_i2c_init         text451      03BF
__end_of_i2c_read         text437      0448
__end_of_i2c_repStart     text437      0462
__end_of_i2c_start        text437      042F
__end_of_i2c_stop         text437      045F
__end_of_i2c_waitForIdle  text437      045C
__end_of_i2c_write        text437      042C
__end_of_init_micro       text455      03AE
__end_of_lcd_clear        text446      03C2
__end_of_lcd_goto         text446      03C6
__end_of_lcd_puts         text446      03DE
__end_of_lcd_write        text446      03E7
__end_of_main             maintext     0800
__end_of_msecbase         text437      048D
__end_of_pause            text437      0482
__end_of_putch            text452      03A5
__end_of_sprintf          text438      0528
__pcstackBANK0            cstackBANK0  0020
__pcstackCOMMON           cstackCOMMON 0070
__pmaintext               maintext     057C
__pstrings                strings      0003
__ptext436                text437      040A
__ptext437                text437      03F1
__ptext438                text438      048D
__ptext439                text437      0426
__ptext440                text437      042F
__ptext441                text437      045C
__ptext442                text437      045F
__ptext443                text437      042C
__ptext444                text446      03C2
__ptext445                text446      03C6
__ptext446                text446      03BF
__ptext447                text437      0462
__ptext448                text438      0552
__ptext449                text438      0528
__ptext450                text437      0448
__ptext451                text451      03AE
__ptext452                text452      039D
__ptext453                text446      03DE
__ptext454                text437      0482
__ptext455                text455      03A5
__ptext456                text456      0000
__size_of_I2C_EEIN        (abs)        0000
__size_of_I2C_EEOUT       (abs)        0000
__size_of___lwdiv         (abs)        0000
__size_of___lwmod         (abs)        0000
__size_of_i2c_init        (abs)        0000
__size_of_i2c_read        (abs)        0000
__size_of_i2c_repStart    (abs)        0000
__size_of_i2c_start       (abs)        0000
__size_of_i2c_stop        (abs)        0000
__size_of_i2c_waitForIdle (abs)        0000
__size_of_i2c_write       (abs)        0000
__size_of_init_micro      (abs)        0000
__size_of_lcd_clear       (abs)        0000
__size_of_lcd_goto        (abs)        0000
__size_of_lcd_puts        (abs)        0000
__size_of_lcd_write       (abs)        0000
__size_of_main            (abs)        0000
__size_of_msecbase        (abs)        0000
__size_of_pause           (abs)        0000
__size_of_putch           (abs)        0000
__size_of_sprintf         (abs)        0000
_dpowers                  strings      0009
_exit                     init         0000
_i2c_init                 text451      03AE
_i2c_read                 text437      042F
_i2c_repStart             text437      045F
_i2c_start                text437      042C
_i2c_stop                 text437      045C
_i2c_waitForIdle          text437      0448
_i2c_write                text437      0426
_init_micro               text455      03A5
_lcd_clear                text446      03BF
_lcd_goto                 text446      03C2
_lcd_puts                 text446      03C6
_lcd_write                text446      03DE
_main                     maintext     057C
_msecbase                 text437      0482
_pause                    text437      0462
_putch                    text452      039D
_sprintf                  text438      048D
btemp                     (abs)        007E
end_of_initialization     cinit        0399
i2c_read@ack              cstackCOMMON 0077
i2c_read@i2cReadData      cstackCOMMON 0078
i2c_write@i2cWriteData    cstackCOMMON 0075
intlevel0                 functab      0000
intlevel1                 functab      0000
intlevel2                 functab      0000
intlevel3                 functab      0000
intlevel4                 functab      0000
intlevel5                 functab      0000
l1051                                      
l1069                                      
l1075                                      
l1186                                      
l1189                                      
l1195                                      
l1201                                      
l1218                                      
l1273                                      
l1279                                      
l1282                                      
l1285                                      
l1288                                      
l1293                                      
l1296                                      
l1299                                      
l1302                                      
l1355                                      
l2357                                      
l2367                                      
l3278                                      
l3280                                      
l3282                                      
l3284                                      
l3286                                      
l3288                                      
l3290                                      
l3292                                      
l3294                                      
l3296                                      
l3298                                      
l3300                                      
l3304                                      
l3306                                      
l3308                                      
l3310                                      
l3312                                      
l3314                                      
l3316                                      
l3318                                      
l3320                                      
l3324                                      
l3326                                      
l3336                                      
l3340                                      
l3344                                      
l3350                                      
l3364                                      
l3374                                      
l3378                                      
l3380                                      
l3382                                      
l3386                                      
l3390                                      
l3392                                      
l3394                                      
l3396                                      
l3398                                      
l3400                                      
l3402                                      
l3404                                      
l3406                                      
l3408                                      
l3410                                      
l3412                                      
l3414                                      
l3416                                      
l3420                                      
l3422                                      
l3424                                      
l3428                                      
l3434                                      
l3440                                      
l3444                                      
l3446                                      
l3450                                      
l3462                                      
l3468                                      
l3474                                      
l3476                                      
l3486                                      
l3488                                      
l3490                                      
l3494                                      
l3496                                      
l3498                                      
l3500                                      
l3502                                      
l3504                                      
l3506                                      
l3508                                      
l3510                                      
l3512                                      
l3514                                      
l3516                                      
l3518                                      
l3520                                      
l3522                                      
l3524                                      
l3526                                      
l3528                                      
l3530                                      
l3532                                      
l3534                                      
l3536                                      
l3538                                      
l3540                                      
l3542                                      
l3544                                      
l3546                                      
l3548                                      
l3550                                      
l3552                                      
l3554                                      
l3556                                      
l3558                                      
l3560                                      
l3562                                      
l3564                                      
l3566                                      
l3568                                      
l3570                                      
l3578                                      
l3580                                      
l3584                                      
l3586                                      
l3594                                      
l3596                                      
l3600                                      
l3602                                      
l3604                                      
l3606                                      
l3608                                      
l3610                                      
l3618                                      
l3620                                      
l3626                                      
l3628                                      
l3630                                      
l3632                                      
l3640                                      
l3642                                      
l3646                                      
l3648                                      
l3656                                      
l3658                                      
l3662                                      
l3664                                      
l3670                                      
l3672                                      
l3680                                      
l3682                                      
l3686                                      
l3688                                      
l3692                                      
l3694                                      
l3702                                      
l3704                                      
l3708                                      
l3710                                      
l3718                                      
l3720                                      
l3724                                      
lcd_goto@pos              cstackCOMMON 0072
lcd_puts@s                cstackCOMMON 0072
lcd_write@c               cstackCOMMON 0070
lcd_write@temp            cstackCOMMON 0071
main@buffer               cstackBANK0  002C
main@cnt                  cstackBANK0  0045
main@i                    cstackBANK0  003C
main@val                  cstackBANK0  003B
main@x                    cstackBANK0  003E
main@x_1892               cstackBANK0  003F
main@x_1894               cstackBANK0  0040
main@x_1896               cstackBANK0  0041
main@x_1898               cstackBANK0  0042
main@x_1901               cstackBANK0  0043
main@x_1903               cstackBANK0  0044
pause@usvalue             cstackCOMMON 0070
pause@x                   cstackCOMMON 0074
putch@byte                cstackCOMMON 0070
reset_vec                 reset_vec    0000
sprintf@_val              cstackBANK0  0026
sprintf@ap                cstackBANK0  0023
sprintf@c                 cstackBANK0  002B
sprintf@f                 cstackBANK0  0020
sprintf@flag              cstackBANK0  0024
sprintf@prec              cstackBANK0  0025
sprintf@sp                cstackBANK0  002A
start                     init         0000
start_initialization      cinit        0399
wtemp0                    (abs)        007E
