HI-TECH Software C Compiler 

Linker command line:

--edf=C:\Program Files (x86)\HI-TECH Software\PICC\9.82\dat\en_msgs.txt -cs \
  -h+EEPROM_12C.sym -z -Q16F887 -ol.obj -MEEPROM_12C.map -E1 \
  -ACONST=00h-0FFhx32 -ACODE=00h-07FFhx4 -ASTRCODE=00h-01FFFh \
  -AENTRY=00h-0FFhx32 -ASTRING=00h-0FFhx32 -ABANK0=020h-06Fh \
  -ABANK1=0A0h-0EFh -ABANK2=0110h-016Fh -ABANK3=0190h-01EFh \
  -ARAM=020h-06Fh,0A0h-0EFh,0110h-016Fh,0190h-01EFh \
  -AABS1=020h-07Fh,0A0h-0EFh,0110h-016Fh,0190h-01EFh -ACOMMON=070h-07Fh \
  -ASFR0=00h-01Fh -ASFR1=080h-09Fh -ASFR2=0100h-010Fh -ASFR3=0180h-018Fh \
  -preset_vec=00h,intentry,init,end_init -ppowerup=CODE -pfunctab=CODE \
  -ACONFIG=02007h-02008h -pconfig=CONFIG -DCONFIG=2 -AIDLOC=02000h-02003h \
  -pidloc=IDLOC -DIDLOC=2 -AEEDATA=00h-0FFh/02100h -peeprom_data=EEDATA \
  -DEEDATA=2 -DCODE=2 -DSTRCODE=2 -DSTRING=2 -DCONST=2 -DENTRY=2 -k \
  startup.obj EEPROM_12C.obj 

Object code version is 3.10

Machine type is 16F887



                Name                               Link     Load   Length Selector   Space Scale
startup.obj     end_init                              0        0        3        0       0
EEPROM_12C.obj  functab                             700      700        9        E       0
                config                             2007     2007        2     400E       0
                text797                             7F7      7F7        7      FBE       0
                text796                              5F       5F        4       BE       0
                text794                             7DF      7DF        D      FBE       0
                text785                            1340     1340       C2     2680       0
                text782                              63       63       2A       C6       0
                text767                            14C9     14C9      337     2992       0
                text763                              8D       8D      152      11A       0
                text758                            1402     1402       C7     2804       0
                text757                             835      835      7CB     106A       0
                maintext                            1DF      1DF      521      3BE       0
                cstackBANK0                          20       20       41       20       1
                cstackCOMMON                         70       70        E       70       1
                cstackBANK1                          A0       A0       31       A0       1
                bssBANK1                             D1       D1        6       A0       1
                cinit                               7EC      7EC        B      FBE       0
                strings                             709      709       D6      E12       0

TOTAL           Name                               Link     Load   Length     Space
        CLASS   CONST          

        CLASS   CODE           
                end_init                              0        0        3         0
                functab                             700      700        9         0
                text797                             7F7      7F7        7         0
                text796                              5F       5F        4         0
                text794                             7DF      7DF        D         0
                text785                            1340     1340       C2         0
                text782                              63       63       2A         0
                text767                            14C9     14C9      337         0
                text763                              8D       8D      152         0
                text758                            1402     1402       C7         0
                text757                             835      835      7CB         0
                maintext                            1DF      1DF      521         0
                cinit                               7EC      7EC        B         0

        CLASS   STRCODE        

        CLASS   ENTRY          

        CLASS   STRING         
                strings                             709      709       D6         0

        CLASS   BANK0          
                cstackBANK0                          20       20       41         1

        CLASS   BANK1          
                cstackBANK1                          A0       A0       31         1
                bssBANK1                             D1       D1        6         1

        CLASS   BANK2          

        CLASS   BANK3          

        CLASS   RAM            

        CLASS   ABS1           
                abs_s1                               7E       7E        2         1

        CLASS   COMMON         
                cstackCOMMON                         70       70        E         1

        CLASS   SFR0           

        CLASS   SFR1           

        CLASS   SFR2           

        CLASS   SFR3           

        CLASS   CONFIG         
                config                             2007     2007        2         0

        CLASS   IDLOC          

        CLASS   EEDATA         



SEGMENTS        Name                           Load    Length   Top    Selector   Space  Class     Delta

                reset_vec                      000000  000003  000003         0       0  CODE        2
                cstackBANK0                    000020  000041  000061        20       1  BANK0       1
                cstackCOMMON                   000070  00000E  00007E        70       1  COMMON      1
                cstackBANK1                    0000A0  000037  0000D7        A0       1  BANK1       1
                text796                        00005F  000004  000063        BE       0  CODE        2
                text782                        000063  00002A  00008D        C6       0  CODE        2
                text763                        00008D  000152  0001DF       11A       0  CODE        2
                maintext                       0001DF  000521  000700       3BE       0  CODE        2
                functab                        000700  000009  000709         E       0  CODE        2
                strings                        000709  0000D6  0007DF       E12       0  STRING      2
                text794                        0007DF  00001F  0007FE       FBE       0  CODE        2
                text757                        000835  0007CB  001000      106A       0  CODE        2
                text785                        001340  0000C2  001402      2680       0  CODE        2
                text758                        001402  0000C7  0014C9      2804       0  CODE        2
                text767                        0014C9  000337  001800      2992       0  CODE        2
                config                         002007  000002  002009      400E       0  CONFIG      2


UNUSED ADDRESS RANGES

        Name                Unused          Largest block    Delta
        BANK0            0061-006F              F           1
        BANK1            00D7-00EF             19           1
        BANK2            0110-016F             60           1
        BANK3            0190-01EF             60           1
        CODE             0003-005E             5C           2
                         07FE-0834              2
                         1000-133F            340
                         1800-1FFF            800
        CONST            0003-005E             5C           2
                         07FE-0834              2
                         1000-133F            100
                         1800-1FFF            100
        EEDATA           2100-21FF            100           2
        ENTRY            0003-005E             5C           2
                         07FE-0834              2
                         1000-133F            100
                         1800-1FFF            100
        IDLOC            2000-2003              4           2
        RAM              0061-006F              F           1
                         00D7-00EF             19
                         0110-016F             60
                         0190-01EF             60
        SFR0             0000-001F             20           1
        SFR1             0080-009F             20           1
        SFR2             0100-010F             10           1
        SFR3             0180-018F             10           1
        STRCODE          0003-005E             5C           2
                         07FE-0834             37
                         1000-133F            340
                         1800-1FFF            800
        STRING           0003-005E             5C           2
                         07FE-0834              2
                         1000-133F            100
                         1800-1FFF            100

                                  Symbol Table

??_I2C_EEIN            cstackCOMMON 007E
??_I2C_EEOUT           cstackCOMMON 0076
??_I2C_nack            cstackCOMMON 0070
??___awdiv             cstackCOMMON 007A
??___awmod             cstackCOMMON 0074
??___bmul              cstackCOMMON 007A
??___ftadd             cstackBANK0  0046
??___ftge              cstackCOMMON 0076
??___ftmul             cstackBANK0  0037
??___ftneg             cstackCOMMON 0073
??___ftpack            cstackCOMMON 0075
??___ftsub             cstackCOMMON 007E
??___fttol             cstackBANK0  0024
??___lbdiv             cstackCOMMON 0076
??___lbmod             cstackCOMMON 0071
??___lbtoft            cstackCOMMON 007E
??___lldiv             cstackCOMMON 0078
??___llmod             cstackCOMMON 007D
??___lltoft            cstackCOMMON 007C
??___lwdiv             cstackCOMMON 0074
??___wmul              cstackCOMMON 0074
??__div_to_l_          cstackCOMMON 0076
??__tdiv_to_l_         cstackCOMMON 0076
??_fround              cstackCOMMON 007E
??_getch               cstackCOMMON 0070
??_i2c_init            cstackCOMMON 0070
??_i2c_read            cstackCOMMON 0070
??_i2c_restart         cstackCOMMON 0070
??_i2c_start           cstackCOMMON 0070
??_i2c_stop            cstackCOMMON 0070
??_i2c_write           cstackCOMMON 0070
??_isdigit             cstackCOMMON 0070
??_lcd_clear           cstackCOMMON 0076
??_lcd_goto            cstackCOMMON 0076
??_lcd_puts            cstackCOMMON 0078
??_lcd_write           cstackCOMMON 0076
??_main                cstackBANK0  005F
??_msecbase            cstackCOMMON 0070
??_pause               cstackCOMMON 0072
??_putch               cstackCOMMON 0070
??_scale               cstackBANK0  0043
??_sprintf             cstackBANK0  005A
?_I2C_EEIN             cstackBANK0  002D
?_I2C_EEOUT            cstackCOMMON 0074
?_I2C_nack             cstackCOMMON 0070
?___awdiv              cstackCOMMON 0076
?___awmod              cstackCOMMON 0070
?___bmul               cstackCOMMON 0079
?___ftadd              cstackBANK0  0040
?___ftge               cstackCOMMON 0070
?___ftmul              cstackBANK0  0031
?___ftneg              cstackCOMMON 0070
?___ftpack             cstackCOMMON 0070
?___ftsub              cstackBANK0  004C
?___fttol              cstackBANK0  0020
?___lbdiv              cstackCOMMON 0075
?___lbmod              cstackCOMMON 0070
?___lbtoft             cstackBANK0  002D
?___lldiv              cstackCOMMON 0070
?___llmod              cstackBANK0  0020
?___lltoft             cstackCOMMON 0078
?___lwdiv              cstackCOMMON 0070
?___wmul               cstackCOMMON 0070
?__div_to_l_           cstackCOMMON 0070
?__tdiv_to_l_          cstackCOMMON 0070
?_fround               cstackBANK0  004C
?_getch                cstackCOMMON 0070
?_i2c_init             cstackCOMMON 0070
?_i2c_read             cstackCOMMON 0070
?_i2c_restart          cstackCOMMON 0070
?_i2c_start            cstackCOMMON 0070
?_i2c_stop             cstackCOMMON 0070
?_i2c_write            cstackCOMMON 0070
?_isdigit              cstackCOMMON 0070
?_lcd_clear            cstackCOMMON 0070
?_lcd_goto             cstackCOMMON 0070
?_lcd_puts             cstackCOMMON 0076
?_lcd_write            cstackCOMMON 0074
?_main                 cstackCOMMON 0070
?_msecbase             cstackCOMMON 0070
?_pause                cstackCOMMON 0070
?_putch                cstackCOMMON 0070
?_scale                cstackBANK0  0040
?_sprintf              cstackBANK0  0056
I2C_EEIN@address1      cstackBANK0  002D
I2C_EEIN@address2      cstackBANK0  002E
I2C_EEIN@data          cstackBANK0  002F
I2C_EEOUT@address1     cstackCOMMON 0076
I2C_EEOUT@address2     cstackCOMMON 0074
I2C_EEOUT@data         cstackCOMMON 0075
_ADCON0                (abs)        001F
_ADRESH                (abs)        001E
_ADRESL                (abs)        009E
_ANSEL                 (abs)        0188
_ANSELH                (abs)        0189
_BAUDCTL               (abs)        0187
_CCP1CON               (abs)        0017
_CCP2CON               (abs)        001D
_CCPR1L                (abs)        0015
_CCPR2L                (abs)        001B
_GO_DONE               (abs)        00F9
_I2C_EEIN              text758      1429
_I2C_EEOUT             text758      140E
_I2C_nack              text758      1469
_OPTION_REG            (abs)        0081
_OSCCON                (abs)        008F
_PIR1                  (abs)        000C
_PIR1bits              (abs)        000C
_PORTA                 (abs)        0005
_PORTB                 (abs)        0006
_PORTD                 (abs)        0008
_PR2                   (abs)        0092
_RCIF                  (abs)        0065
_RCREG                 (abs)        001A
_RCSTA                 (abs)        0018
_RE0                   (abs)        0048
_RE1                   (abs)        0049
_RE2                   (abs)        004A
_SPBRG                 (abs)        0099
_SSPADD                (abs)        0093
_SSPBUF                (abs)        0013
_SSPCON                (abs)        0014
_SSPCON2               (abs)        0091
_SSPCON2bits           (abs)        0091
_SSPSTAT               (abs)        0094
_T0IF                  (abs)        005A
_T2CON                 (abs)        0012
_TMR0                  (abs)        0001
_TRISA                 (abs)        0085
_TRISB                 (abs)        0086
_TRISC                 (abs)        0087
_TRISC1                (abs)        0439
_TRISC2                (abs)        043A
_TRISC6                (abs)        043E
_TRISC7                (abs)        043F
_TRISCbits             (abs)        0087
_TRISD                 (abs)        0088
_TRISE                 (abs)        0089
_TXIF                  (abs)        0064
_TXREG                 (abs)        0019
_TXSTA                 (abs)        0098
__Habs1                abs1         0000
__Hbank0               bank0        0000
__Hbank1               bank1        0000
__Hbank2               bank2        0000
__Hbank3               bank3        0000
__HbssBANK1            bssBANK1     0000
__Hcinit               cinit        0000
__Hclrtext             clrtext      0000
__Hcode                code         0000
__Hcommon              common       0000
__Hconfig              config       2009
__HcstackBANK0         cstackBANK0  0000
__HcstackBANK1         cstackBANK1  0000
__HcstackCOMMON        cstackCOMMON 0000
__Heeprom_data         eeprom_data  0000
__Hend_init            end_init     0003
__Hfunctab             functab      0709
__Hidloc               idloc        0000
__Hinit                init         0000
__Hintentry            intentry     0000
__Hmaintext            maintext     0000
__Hpa_nodes            pa_nodes     0000
__Hpowerup             powerup      0000
__Hram                 ram          0000
__Hreset_vec           reset_vec    0000
__Hsfr0                sfr0         0000
__Hsfr1                sfr1         0000
__Hsfr2                sfr2         0000
__Hsfr3                sfr3         0000
__Hstrings             strings      0000
__Htext                text         0000
__Labs1                abs1         0000
__Lbank0               bank0        0000
__Lbank1               bank1        0000
__Lbank2               bank2        0000
__Lbank3               bank3        0000
__LbssBANK1            bssBANK1     0000
__Lcinit               cinit        0000
__Lclrtext             clrtext      0000
__Lcode                code         0000
__Lcommon              common       0000
__Lconfig              config       2007
__LcstackBANK0         cstackBANK0  0000
__LcstackBANK1         cstackBANK1  0000
__LcstackCOMMON        cstackCOMMON 0000
__Leeprom_data         eeprom_data  0000
__Lend_init            end_init     0000
__Lfunctab             functab      0700
__Lidloc               idloc        0000
__Linit                init         0000
__Lintentry            intentry     0000
__Lmaintext            maintext     0000
__Lpa_nodes            pa_nodes     0000
__Lpowerup             powerup      0000
__Lram                 ram          0000
__Lreset_vec           reset_vec    0000
__Lsfr0                sfr0         0000
__Lsfr1                sfr1         0000
__Lsfr2                sfr2         0000
__Lsfr3                sfr3         0000
__Lstrings             strings      0000
__Ltext                text         0000
__S0                   (abs)        2009
__S1                   (abs)        00D7
__S2                   (abs)        0000
___awdiv               text767      166A
___awdiv@counter       cstackCOMMON 007A
___awdiv@dividend      cstackCOMMON 0078
___awdiv@divisor       cstackCOMMON 0076
___awdiv@quotient      cstackCOMMON 007C
___awdiv@sign          cstackCOMMON 007B
___awmod               text767      16AF
___awmod@counter       cstackCOMMON 0074
___awmod@dividend      cstackCOMMON 0072
___awmod@divisor       cstackCOMMON 0070
___awmod@sign          cstackCOMMON 0075
___bmul                text767      175B
___bmul@multiplicand   cstackCOMMON 0079
___bmul@multiplier     cstackCOMMON 007B
___bmul@product        cstackCOMMON 007A
___ftadd               text757      0E6A
___ftadd@exp1          cstackBANK0  004B
___ftadd@exp2          cstackBANK0  004A
___ftadd@f1            cstackBANK0  0040
___ftadd@f2            cstackBANK0  0043
___ftadd@sign          cstackBANK0  0049
___ftge                text757      0CB6
___ftge@ff1            cstackCOMMON 0070
___ftge@ff2            cstackCOMMON 0073
___ftmul               text767      16EC
___ftmul@cntr          cstackBANK0  003E
___ftmul@exp           cstackBANK0  003A
___ftmul@f1            cstackBANK0  0031
___ftmul@f2            cstackBANK0  0034
___ftmul@f3_as_product cstackBANK0  003B
___ftmul@sign          cstackBANK0  003F
___ftneg               text757      0E62
___ftneg@f1            cstackCOMMON 0070
___ftpack              text767      1769
___ftpack@arg          cstackCOMMON 0070
___ftpack@exp          cstackCOMMON 0073
___ftpack@sign         cstackCOMMON 0074
___ftsub               text757      0FEA
___ftsub@f1            cstackBANK0  004F
___ftsub@f2            cstackBANK0  004C
___fttol               text757      0D09
___fttol@exp1          cstackBANK0  002C
___fttol@f1            cstackBANK0  0020
___fttol@lval          cstackBANK0  0028
___fttol@sign1         cstackBANK0  0027
___lbdiv               text763      0192
___lbdiv@counter       cstackCOMMON 0077
___lbdiv@dividend      cstackCOMMON 0076
___lbdiv@divisor       cstackCOMMON 0075
___lbdiv@quotient      cstackCOMMON 0078
___lbmod               text763      01AD
___lbmod@counter       cstackCOMMON 0073
___lbmod@dividend      cstackCOMMON 0072
___lbmod@divisor       cstackCOMMON 0070
___lbmod@rem           cstackCOMMON 0074
___lbtoft              text767      14C9
___lbtoft@c            cstackBANK0  0030
___lldiv               text757      0DA2
___lldiv@counter       cstackCOMMON 007C
___lldiv@dividend      cstackCOMMON 0074
___lldiv@divisor       cstackCOMMON 0070
___lldiv@quotient      cstackCOMMON 0078
___llmod               text757      0D64
___llmod@counter       cstackCOMMON 007D
___llmod@dividend      cstackBANK0  0024
___llmod@divisor       cstackBANK0  0020
___lltoft              text757      0F2C
___lltoft@c            cstackCOMMON 0078
___lltoft@exp          cstackCOMMON 007C
___lwdiv               text782      0063
___lwdiv@counter       cstackCOMMON 0076
___lwdiv@dividend      cstackCOMMON 0072
___lwdiv@divisor       cstackCOMMON 0070
___lwdiv@quotient      cstackCOMMON 0074
___wmul                text757      0CF0
___wmul@multiplicand   cstackCOMMON 0072
___wmul@multiplier     cstackCOMMON 0070
___wmul@product        cstackCOMMON 0074
__div_to_l_            text785      1340
__div_to_l_@cntr       cstackBANK0  0024
__div_to_l_@exp1       cstackBANK0  0025
__div_to_l_@f1         cstackCOMMON 0070
__div_to_l_@f2         cstackCOMMON 0073
__div_to_l_@quot       cstackBANK0  0020
__end_of_I2C_EEIN      text758      144A
__end_of_I2C_EEOUT     text758      1429
__end_of_I2C_nack      text758      1471
__end_of___awdiv       text767      16AF
__end_of___awmod       text767      16EC
__end_of___bmul        text767      1769
__end_of___ftadd       text757      0F2C
__end_of___ftge        text757      0CE2
__end_of___ftmul       text767      175B
__end_of___ftneg       text757      0E6A
__end_of___ftpack      text767      17A7
__end_of___ftsub       text757      1000
__end_of___fttol       text757      0D64
__end_of___lbdiv       text763      01AD
__end_of___lbmod       text763      01C9
__end_of___lbtoft      text767      14D8
__end_of___lldiv       text757      0DEA
__end_of___llmod       text757      0DA2
__end_of___lltoft      text757      0F4C
__end_of___lwdiv       text782      008D
__end_of___wmul        text757      0D09
__end_of__div_to_l_    text785      13F5
__end_of__tdiv_to_l_   text757      0E62
__end_of_fround        text763      0192
__end_of_getch         text796      0063
__end_of_i2c_init      text794      07EC
__end_of_i2c_read      text758      1469
__end_of_i2c_restart   text758      1461
__end_of_i2c_start     text758      1457
__end_of_i2c_stop      text758      145C
__end_of_i2c_write     text758      1452
__end_of_isdigit       text757      0CF0
__end_of_lcd_clear     text758      147D
__end_of_lcd_goto      text758      140E
__end_of_lcd_puts      text758      149C
__end_of_lcd_write     text758      14AD
__end_of_main          maintext     0700
__end_of_msecbase      text758      14C9
__end_of_pause         text758      14BE
__end_of_putch         text797      07FE
__end_of_scale         text767      166A
__end_of_sprintf       text757      0CB6
__npowers_             strings      0719
__pbssBANK1            bssBANK1     00D1
__pcstackBANK0         cstackBANK0  0020
__pcstackBANK1         cstackBANK1  00A0
__pcstackCOMMON        cstackCOMMON 0070
__pfunctab             functab      0700
__pmaintext            maintext     01DF
__powers_              strings      0740
__pstrings             strings      0709
__ptext757             text757      0835
__ptext758             text758      1402
__ptext759             text758      147D
__ptext760             text758      1471
__ptext761             text757      0FEA
__ptext762             text767      14D8
__ptext763             text763      008D
__ptext764             text758      149C
__ptext765             text758      140E
__ptext766             text757      0F2C
__ptext767             text767      14C9
__ptext768             text767      16EC
__ptext769             text757      0E6A
__ptext770             text758      1429
__ptext771             text758      14AD
__ptext772             text767      16AF
__ptext773             text757      0DA2
__ptext774             text757      0CB6
__ptext775             text757      0E62
__ptext776             text757      0D64
__ptext777             text767      166A
__ptext778             text757      0D09
__ptext779             text767      1769
__ptext780             text763      01AD
__ptext781             text763      0192
__ptext782             text782      0063
__ptext783             text757      0CF0
__ptext784             text767      175B
__ptext785             text785      1340
__ptext786             text757      0DEA
__ptext787             text757      0CE2
__ptext788             text758      144A
__ptext789             text758      1469
__ptext790             text758      1461
__ptext791             text758      1457
__ptext792             text758      145C
__ptext793             text758      1452
__ptext794             text794      07DF
__ptext795             text758      14BE
__ptext796             text796      005F
__ptext797             text797      07F7
__size_of_I2C_EEIN     (abs)        0000
__size_of_I2C_EEOUT    (abs)        0000
__size_of_I2C_nack     (abs)        0000
__size_of___awdiv      (abs)        0000
__size_of___awmod      (abs)        0000
__size_of___bmul       (abs)        0000
__size_of___ftadd      (abs)        0000
__size_of___ftge       (abs)        0000
__size_of___ftmul      (abs)        0000
__size_of___ftneg      (abs)        0000
__size_of___ftpack     (abs)        0000
__size_of___ftsub      (abs)        0000
__size_of___fttol      (abs)        0000
__size_of___lbdiv      (abs)        0000
__size_of___lbmod      (abs)        0000
__size_of___lbtoft     (abs)        0000
__size_of___lldiv      (abs)        0000
__size_of___llmod      (abs)        0000
__size_of___lltoft     (abs)        0000
__size_of___lwdiv      (abs)        0000
__size_of___wmul       (abs)        0000
__size_of__div_to_l_   (abs)        0000
__size_of__tdiv_to_l_  (abs)        0000
__size_of_fround       (abs)        0000
__size_of_getch        (abs)        0000
__size_of_i2c_init     (abs)        0000
__size_of_i2c_read     (abs)        0000
__size_of_i2c_restart  (abs)        0000
__size_of_i2c_start    (abs)        0000
__size_of_i2c_stop     (abs)        0000
__size_of_i2c_write    (abs)        0000
__size_of_isdigit      (abs)        0000
__size_of_lcd_clear    (abs)        0000
__size_of_lcd_goto     (abs)        0000
__size_of_lcd_puts     (abs)        0000
__size_of_lcd_write    (abs)        0000
__size_of_main         (abs)        0000
__size_of_msecbase     (abs)        0000
__size_of_pause        (abs)        0000
__size_of_putch        (abs)        0000
__size_of_scale        (abs)        0000
__size_of_sprintf      (abs)        0000
__tdiv_to_l_           text757      0DEA
__tdiv_to_l_@cntr      cstackBANK0  0024
__tdiv_to_l_@exp1      cstackBANK0  0025
__tdiv_to_l_@f1        cstackCOMMON 0070
__tdiv_to_l_@f2        cstackCOMMON 0073
__tdiv_to_l_@quot      cstackBANK0  0020
_carac                 bssBANK1     00D2
_dpowers               strings      0767
_exit                  init         0000
_fround                text763      008D
_fround$2960           cstackBANK0  0052
_fround$2961           cstackBANK0  004F
_getch                 text796      005F
_i2c_init              text794      07DF
_i2c_read              text758      1461
_i2c_restart           text758      145C
_i2c_start             text758      1452
_i2c_stop              text758      1457
_i2c_write             text758      144A
_isdigit               text757      0CE2
_isdigit$2444          cstackCOMMON 0070
_lcd_clear             text758      1471
_lcd_goto              text758      1402
_lcd_puts              text758      147D
_lcd_write             text758      149C
_main                  maintext     01DF
_main$2959             cstackBANK1  00B9
_msecbase              text758      14BE
_nin                   bssBANK1     00D1
_pause                 text758      14AD
_putch                 text797      07F7
_scale                 text767      14D8
_scale$2962            cstackBANK0  0047
_sprintf               text757      0835
_sprintf$1936          cstackBANK1  00A0
btemp                  (abs)        007E
end_of_initialization  cinit        07F3
entry__I2C_EEIN        functab      0706
fpbase                 functab      0705
fptable                functab      0700
fptotal                (abs)        0001
fround@prec            cstackBANK0  0055
i2c_write@I2C_data     cstackCOMMON 0070
intlevel0              functab      0700
intlevel1              functab      0700
intlevel2              functab      0700
intlevel3              functab      0700
intlevel4              functab      0700
intlevel5              functab      0700
isdigit@c              cstackCOMMON 0071
l1051                                   
l1057                                   
l1080                                   
l1086                                   
l1089                                   
l1095                                   
l1101                                   
l1107                                   
l1113                                   
l1125                                   
l1131                                   
l1134                                   
l1137                                   
l1140                                   
l1143                                   
l1149                                   
l1155                                   
l1292                                   
l2277                                   
l2287                                   
l2293                                   
l2303                                   
l2323                                   
l2329                                   
l2373                                   
l2415                                   
l2440                                   
l2450                                   
l2454                                   
l2469                                   
l2508                                   
l2530                                   
l2538                                   
l2581                                   
l5574                                   
l5578                                   
l5584                                   
l5586                                   
l5588                                   
l5590                                   
l5592                                   
l5594                                   
l5596                                   
l5598                                   
l5600                                   
l5606                                   
l5608                                   
l5610                                   
l5612                                   
l5614                                   
l5624                                   
l5632                                   
l5634                                   
l5636                                   
l5638                                   
l5640                                   
l5644                                   
l5648                                   
l5652                                   
l5660                                   
l5672                                   
l5682                                   
l5684                                   
l5686                                   
l5688                                   
l5692                                   
l5696                                   
l5698                                   
l5706                                   
l5718                                   
l5726                                   
l5728                                   
l5734                                   
l5742                                   
l5744                                   
l5750                                   
l5752                                   
l5762                                   
l5766                                   
l5770                                   
l5776                                   
l5778                                   
l5780                                   
l5786                                   
l5790                                   
l5794                                   
l5800                                   
l5802                                   
l5806                                   
l5808                                   
l5814                                   
l5818                                   
l5820                                   
l5840                                   
l5842                                   
l5844                                   
l5846                                   
l5852                                   
l5854                                   
l5856                                   
l5858                                   
l5860                                   
l5868                                   
l5878                                   
l5884                                   
l5886                                   
l5890                                   
l5896                                   
l5900                                   
l5910                                   
l5914                                   
l5918                                   
l5922                                   
l5928                                   
l5942                                   
l5948                                   
l5956                                   
l5966                                   
l5968                                   
l5976                                   
l5978                                   
l5988                                   
l5992                                   
l5996                                   
l6002                                   
l6004                                   
l6008                                   
l6028                                   
l6032                                   
l6042                                   
l6046                                   
l6048                                   
l6050                                   
l6052                                   
l6054                                   
l6056                                   
l6058                                   
l6060                                   
l6062                                   
l6066                                   
l6068                                   
l6070                                   
l6080                                   
l6086                                   
l6092                                   
l6094                                   
l6098                                   
l6110                                   
l6120                                   
l6126                                   
l6130                                   
l6132                                   
l6136                                   
l6138                                   
l6144                                   
l6158                                   
l6160                                   
l6162                                   
l6164                                   
l6166                                   
l6168                                   
l6170                                   
l6172                                   
l6180                                   
l6182                                   
l6184                                   
l6192                                   
l6194                                   
l6196                                   
l6200                                   
l6204                                   
l6214                                   
l6216                                   
l6218                                   
l6220                                   
l6222                                   
l6224                                   
l6228                                   
l6230                                   
l6232                                   
l6234                                   
l6236                                   
l6238                                   
l6240                                   
l6244                                   
l6254                                   
l6262                                   
l6266                                   
l6302                                   
l6304                                   
l6308                                   
l6310                                   
l6312                                   
l6316                                   
l6320                                   
l6322                                   
l6324                                   
l6334                                   
l6340                                   
l6342                                   
l6348                                   
l6350                                   
l6354                                   
l6360                                   
l6374                                   
l6376                                   
l6380                                   
l6384                                   
l6388                                   
l6390                                   
l6392                                   
l6394                                   
l6396                                   
l6398                                   
l6404                                   
l6406                                   
l6436                                   
l6438                                   
l6440                                   
l6444                                   
l6458                                   
l6462                                   
l6472                                   
l6492                                   
l6494                                   
l6504                                   
l6506                                   
l6512                                   
l6514                                   
l6520                                   
l6522                                   
l6564                                   
l6566                                   
l6580                                   
l6582                                   
l6584                                   
l6586                                   
l6588                                   
l6590                                   
l6592                                   
l6594                                   
l6596                                   
l6598                                   
l6600                                   
l6602                                   
l6604                                   
l6608                                   
l6610                                   
l6612                                   
l6614                                   
l6616                                   
l6618                                   
l6620                                   
l6622                                   
l6624                                   
l6626                                   
l6628                                   
l6630                                   
l6632                                   
l6634                                   
l6636                                   
l6638                                   
l6640                                   
l6642                                   
l6644                                   
l6646                                   
l6648                                   
l6650                                   
l6652                                   
l6654                                   
l6656                                   
l6658                                   
l6660                                   
l6662                                   
l6664                                   
l6666                                   
l6668                                   
l6670                                   
l6672                                   
l6678                                   
l6680                                   
l6682                                   
l6684                                   
l6686                                   
l6688                                   
l6690                                   
l6692                                   
l6698                                   
l6702                                   
l6704                                   
l6706                                   
l6708                                   
l6710                                   
l6720                                   
l6722                                   
l6724                                   
l6732                                   
l6738                                   
l6740                                   
l6742                                   
l6744                                   
l6746                                   
l6748                                   
l6750                                   
l6752                                   
l6754                                   
l6756                                   
l6758                                   
l6760                                   
l6762                                   
l6764                                   
l6766                                   
l6768                                   
l6770                                   
l6772                                   
l6774                                   
l6776                                   
l6778                                   
l6780                                   
l6782                                   
l6784                                   
l6786                                   
l6788                                   
l6790                                   
l6792                                   
l6794                                   
l6796                                   
l6798                                   
l6800                                   
l6802                                   
l6804                                   
l6806                                   
l6808                                   
l6810                                   
l6812                                   
l6814                                   
l6816                                   
l6818                                   
l6820                                   
l6822                                   
l6824                                   
l6826                                   
l6828                                   
l6830                                   
l6832                                   
l6834                                   
l6836                                   
l6838                                   
l6840                                   
l6842                                   
l6844                                   
l6846                                   
l6848                                   
l6850                                   
l6852                                   
l6854                                   
l6856                                   
l6858                                   
l6860                                   
l6862                                   
l6864                                   
l6866                                   
l6868                                   
l6870                                   
l6872                                   
l6874                                   
l6876                                   
l6878                                   
l6880                                   
l6890                                   
l6892                                   
lcd_goto@pos           cstackCOMMON 0076
lcd_puts@s             cstackCOMMON 0076
lcd_write@c            cstackCOMMON 0074
main@B1                cstackBANK1  00CF
main@B2                cstackBANK1  00CB
main@cen               cstackBANK1  00CD
main@char_recibido     cstackBANK1  00BE
main@cnt1              cstackBANK1  00C3
main@cnt1i             cstackBANK1  00BF
main@cnt2              cstackBANK1  00C4
main@cnt2i             cstackBANK1  00C1
main@cntd              cstackBANK1  00BC
main@dec               cstackBANK1  00C9
main@mil               cstackBANK1  00C7
main@uni               cstackBANK1  00C5
pause@usvalue          cstackCOMMON 0070
pause@x                cstackCOMMON 0072
putch@dato             cstackCOMMON 0070
reset_vec              reset_vec    0000
scale@scl              cstackBANK0  004A
sprintf@_val           cstackBANK1  00A8
sprintf@ap             cstackBANK1  00A4
sprintf@c              cstackBANK1  00B8
sprintf@exp            cstackBANK1  00B0
sprintf@f              cstackBANK0  0056
sprintf@flag           cstackBANK1  00AC
sprintf@fval           cstackBANK1  00B3
sprintf@integ          cstackBANK1  00A5
sprintf@prec           cstackBANK1  00B6
sprintf@sp             cstackBANK1  00B2
sprintf@width          cstackBANK1  00AE
start                  init         0000
start_initialization   cinit        07EC
u2280                                   
u3080                                   
wtemp0                 (abs)        007E
